Archive member included to satisfy reference by file (symbol)

l:/st/stm32cubeide_1.1.0/stm32cubeide/plugins/com.st.stm32cube.ide.mcu.externaltools.gnu-tools-for-stm32.7-2018-q2-update.win32_1.0.0.201904181610/tools/bin/../lib/gcc/arm-none-eabi/7.3.1/../../../../arm-none-eabi/lib/thumb/v7-m\libc_nano.a(lib_a-errno.o)
                              Src/syscalls.o (__errno)
l:/st/stm32cubeide_1.1.0/stm32cubeide/plugins/com.st.stm32cube.ide.mcu.externaltools.gnu-tools-for-stm32.7-2018-q2-update.win32_1.0.0.201904181610/tools/bin/../lib/gcc/arm-none-eabi/7.3.1/../../../../arm-none-eabi/lib/thumb/v7-m\libc_nano.a(lib_a-exit.o)
                              l:/st/stm32cubeide_1.1.0/stm32cubeide/plugins/com.st.stm32cube.ide.mcu.externaltools.gnu-tools-for-stm32.7-2018-q2-update.win32_1.0.0.201904181610/tools/bin/../lib/gcc/arm-none-eabi/7.3.1/../../../../arm-none-eabi/lib/thumb/v7-m/crt0.o (exit)
l:/st/stm32cubeide_1.1.0/stm32cubeide/plugins/com.st.stm32cube.ide.mcu.externaltools.gnu-tools-for-stm32.7-2018-q2-update.win32_1.0.0.201904181610/tools/bin/../lib/gcc/arm-none-eabi/7.3.1/../../../../arm-none-eabi/lib/thumb/v7-m\libc_nano.a(lib_a-impure.o)
                              l:/st/stm32cubeide_1.1.0/stm32cubeide/plugins/com.st.stm32cube.ide.mcu.externaltools.gnu-tools-for-stm32.7-2018-q2-update.win32_1.0.0.201904181610/tools/bin/../lib/gcc/arm-none-eabi/7.3.1/../../../../arm-none-eabi/lib/thumb/v7-m\libc_nano.a(lib_a-exit.o) (_global_impure_ptr)
l:/st/stm32cubeide_1.1.0/stm32cubeide/plugins/com.st.stm32cube.ide.mcu.externaltools.gnu-tools-for-stm32.7-2018-q2-update.win32_1.0.0.201904181610/tools/bin/../lib/gcc/arm-none-eabi/7.3.1/../../../../arm-none-eabi/lib/thumb/v7-m\libc_nano.a(lib_a-init.o)
                              l:/st/stm32cubeide_1.1.0/stm32cubeide/plugins/com.st.stm32cube.ide.mcu.externaltools.gnu-tools-for-stm32.7-2018-q2-update.win32_1.0.0.201904181610/tools/bin/../lib/gcc/arm-none-eabi/7.3.1/../../../../arm-none-eabi/lib/thumb/v7-m/crt0.o (__libc_init_array)
l:/st/stm32cubeide_1.1.0/stm32cubeide/plugins/com.st.stm32cube.ide.mcu.externaltools.gnu-tools-for-stm32.7-2018-q2-update.win32_1.0.0.201904181610/tools/bin/../lib/gcc/arm-none-eabi/7.3.1/../../../../arm-none-eabi/lib/thumb/v7-m\libc_nano.a(lib_a-memset.o)
                              l:/st/stm32cubeide_1.1.0/stm32cubeide/plugins/com.st.stm32cube.ide.mcu.externaltools.gnu-tools-for-stm32.7-2018-q2-update.win32_1.0.0.201904181610/tools/bin/../lib/gcc/arm-none-eabi/7.3.1/../../../../arm-none-eabi/lib/thumb/v7-m/crt0.o (memset)

Allocating common symbols
Common symbol       size              file

hUsbDeviceFS        0x2c4             Src/usb_device.o
uwTick              0x4               Drivers/STM32F1xx_HAL_Driver/Src/stm32f1xx_hal.o
pFlash              0x20              Drivers/STM32F1xx_HAL_Driver/Src/stm32f1xx_hal_flash.o
hadc1               0x30              Src/main.o
hdma_adc1           0x44              Src/main.o
hpcd_USB_FS         0x26c             Src/usbd_conf.o
USBD_StrDesc        0x200             Src/usbd_desc.o

Discarded input sections

 .text          0x0000000000000000        0x0 l:/st/stm32cubeide_1.1.0/stm32cubeide/plugins/com.st.stm32cube.ide.mcu.externaltools.gnu-tools-for-stm32.7-2018-q2-update.win32_1.0.0.201904181610/tools/bin/../lib/gcc/arm-none-eabi/7.3.1/thumb/v7-m/crti.o
 .data          0x0000000000000000        0x0 l:/st/stm32cubeide_1.1.0/stm32cubeide/plugins/com.st.stm32cube.ide.mcu.externaltools.gnu-tools-for-stm32.7-2018-q2-update.win32_1.0.0.201904181610/tools/bin/../lib/gcc/arm-none-eabi/7.3.1/thumb/v7-m/crti.o
 .bss           0x0000000000000000        0x0 l:/st/stm32cubeide_1.1.0/stm32cubeide/plugins/com.st.stm32cube.ide.mcu.externaltools.gnu-tools-for-stm32.7-2018-q2-update.win32_1.0.0.201904181610/tools/bin/../lib/gcc/arm-none-eabi/7.3.1/thumb/v7-m/crti.o
 .data          0x0000000000000000        0x4 l:/st/stm32cubeide_1.1.0/stm32cubeide/plugins/com.st.stm32cube.ide.mcu.externaltools.gnu-tools-for-stm32.7-2018-q2-update.win32_1.0.0.201904181610/tools/bin/../lib/gcc/arm-none-eabi/7.3.1/thumb/v7-m/crtbegin.o
 .text          0x0000000000000000       0x74 l:/st/stm32cubeide_1.1.0/stm32cubeide/plugins/com.st.stm32cube.ide.mcu.externaltools.gnu-tools-for-stm32.7-2018-q2-update.win32_1.0.0.201904181610/tools/bin/../lib/gcc/arm-none-eabi/7.3.1/../../../../arm-none-eabi/lib/thumb/v7-m/crt0.o
 .data          0x0000000000000000        0x0 l:/st/stm32cubeide_1.1.0/stm32cubeide/plugins/com.st.stm32cube.ide.mcu.externaltools.gnu-tools-for-stm32.7-2018-q2-update.win32_1.0.0.201904181610/tools/bin/../lib/gcc/arm-none-eabi/7.3.1/../../../../arm-none-eabi/lib/thumb/v7-m/crt0.o
 .bss           0x0000000000000000        0x0 l:/st/stm32cubeide_1.1.0/stm32cubeide/plugins/com.st.stm32cube.ide.mcu.externaltools.gnu-tools-for-stm32.7-2018-q2-update.win32_1.0.0.201904181610/tools/bin/../lib/gcc/arm-none-eabi/7.3.1/../../../../arm-none-eabi/lib/thumb/v7-m/crt0.o
[...]
Memory Configuration

Name             Origin             Length             Attributes
RAM              0x0000000020000000 0x0000000000005000 xrw
FLASH            0x0000000008000000 0x0000000000010000 xr
*default*        0x0000000000000000 0xffffffffffffffff

Linker script and memory map

LOAD l:/st/stm32cubeide_1.1.0/stm32cubeide/plugins/com.st.stm32cube.ide.mcu.externaltools.gnu-tools-for-stm32.7-2018-q2-update.win32_1.0.0.201904181610/tools/bin/../lib/gcc/arm-none-eabi/7.3.1/thumb/v7-m/crti.o
LOAD l:/st/stm32cubeide_1.1.0/stm32cubeide/plugins/com.st.stm32cube.ide.mcu.externaltools.gnu-tools-for-stm32.7-2018-q2-update.win32_1.0.0.201904181610/tools/bin/../lib/gcc/arm-none-eabi/7.3.1/thumb/v7-m/crtbegin.o
LOAD l:/st/stm32cubeide_1.1.0/stm32cubeide/plugins/com.st.stm32cube.ide.mcu.externaltools.gnu-tools-for-stm32.7-2018-q2-update.win32_1.0.0.201904181610/tools/bin/../lib/gcc/arm-none-eabi/7.3.1/../../../../arm-none-eabi/lib/thumb/v7-m/crt0.o
LOAD Drivers/STM32F1xx_HAL_Driver/Src/stm32f1xx_hal.o
LOAD Drivers/STM32F1xx_HAL_Driver/Src/stm32f1xx_hal_adc.o
LOAD Drivers/STM32F1xx_HAL_Driver/Src/stm32f1xx_hal_adc_ex.o
LOAD Drivers/STM32F1xx_HAL_Driver/Src/stm32f1xx_hal_cortex.o
LOAD Drivers/STM32F1xx_HAL_Driver/Src/stm32f1xx_hal_dma.o
LOAD Drivers/STM32F1xx_HAL_Driver/Src/stm32f1xx_hal_exti.o
LOAD Drivers/STM32F1xx_HAL_Driver/Src/stm32f1xx_hal_flash.o
LOAD Drivers/STM32F1xx_HAL_Driver/Src/stm32f1xx_hal_flash_ex.o
LOAD Drivers/STM32F1xx_HAL_Driver/Src/stm32f1xx_hal_gpio.o
LOAD Drivers/STM32F1xx_HAL_Driver/Src/stm32f1xx_hal_gpio_ex.o
LOAD Drivers/STM32F1xx_HAL_Driver/Src/stm32f1xx_hal_pcd.o
LOAD Drivers/STM32F1xx_HAL_Driver/Src/stm32f1xx_hal_pcd_ex.o
LOAD Drivers/STM32F1xx_HAL_Driver/Src/stm32f1xx_hal_pwr.o
LOAD Drivers/STM32F1xx_HAL_Driver/Src/stm32f1xx_hal_rcc.o
LOAD Drivers/STM32F1xx_HAL_Driver/Src/stm32f1xx_hal_rcc_ex.o
LOAD Drivers/STM32F1xx_HAL_Driver/Src/stm32f1xx_hal_tim.o
LOAD Drivers/STM32F1xx_HAL_Driver/Src/stm32f1xx_hal_tim_ex.o
LOAD Drivers/STM32F1xx_HAL_Driver/Src/stm32f1xx_ll_usb.o
LOAD Middlewares/ST/STM32_USB_Device_Library/Class/CustomHID/Src/usbd_customhid.o
LOAD Middlewares/ST/STM32_USB_Device_Library/Core/Src/usbd_core.o
LOAD Middlewares/ST/STM32_USB_Device_Library/Core/Src/usbd_ctlreq.o
LOAD Middlewares/ST/STM32_USB_Device_Library/Core/Src/usbd_ioreq.o
LOAD Src/main.o
LOAD Src/stm32f1xx_hal_msp.o
LOAD Src/stm32f1xx_it.o
LOAD Src/syscalls.o
LOAD Src/sysmem.o
LOAD Src/system_stm32f1xx.o
LOAD Src/usb_device.o
LOAD Src/usbd_conf.o
LOAD Src/usbd_custom_hid_if.o
LOAD Src/usbd_desc.o
LOAD Startup/startup_stm32f103c8tx.o
START GROUP
LOAD l:/st/stm32cubeide_1.1.0/stm32cubeide/plugins/com.st.stm32cube.ide.mcu.externaltools.gnu-tools-for-stm32.7-2018-q2-update.win32_1.0.0.201904181610/tools/bin/../lib/gcc/arm-none-eabi/7.3.1/../../../../arm-none-eabi/lib/thumb/v7-m\libc_nano.a
LOAD l:/st/stm32cubeide_1.1.0/stm32cubeide/plugins/com.st.stm32cube.ide.mcu.externaltools.gnu-tools-for-stm32.7-2018-q2-update.win32_1.0.0.201904181610/tools/bin/../lib/gcc/arm-none-eabi/7.3.1/../../../../arm-none-eabi/lib/thumb/v7-m\libm.a
END GROUP
START GROUP
LOAD l:/st/stm32cubeide_1.1.0/stm32cubeide/plugins/com.st.stm32cube.ide.mcu.externaltools.gnu-tools-for-stm32.7-2018-q2-update.win32_1.0.0.201904181610/tools/bin/../lib/gcc/arm-none-eabi/7.3.1/thumb/v7-m\libgcc.a
LOAD l:/st/stm32cubeide_1.1.0/stm32cubeide/plugins/com.st.stm32cube.ide.mcu.externaltools.gnu-tools-for-stm32.7-2018-q2-update.win32_1.0.0.201904181610/tools/bin/../lib/gcc/arm-none-eabi/7.3.1/../../../../arm-none-eabi/lib/thumb/v7-m\libc_nano.a
END GROUP
START GROUP
LOAD l:/st/stm32cubeide_1.1.0/stm32cubeide/plugins/com.st.stm32cube.ide.mcu.externaltools.gnu-tools-for-stm32.7-2018-q2-update.win32_1.0.0.201904181610/tools/bin/../lib/gcc/arm-none-eabi/7.3.1/thumb/v7-m\libgcc.a
LOAD l:/st/stm32cubeide_1.1.0/stm32cubeide/plugins/com.st.stm32cube.ide.mcu.externaltools.gnu-tools-for-stm32.7-2018-q2-update.win32_1.0.0.201904181610/tools/bin/../lib/gcc/arm-none-eabi/7.3.1/../../../../arm-none-eabi/lib/thumb/v7-m\libc_nano.a
LOAD l:/st/stm32cubeide_1.1.0/stm32cubeide/plugins/com.st.stm32cube.ide.mcu.externaltools.gnu-tools-for-stm32.7-2018-q2-update.win32_1.0.0.201904181610/tools/bin/../lib/gcc/arm-none-eabi/7.3.1/../../../../arm-none-eabi/lib/thumb/v7-m\libnosys.a
END GROUP
START GROUP
LOAD l:/st/stm32cubeide_1.1.0/stm32cubeide/plugins/com.st.stm32cube.ide.mcu.externaltools.gnu-tools-for-stm32.7-2018-q2-update.win32_1.0.0.201904181610/tools/bin/../lib/gcc/arm-none-eabi/7.3.1/thumb/v7-m\libgcc.a
LOAD l:/st/stm32cubeide_1.1.0/stm32cubeide/plugins/com.st.stm32cube.ide.mcu.externaltools.gnu-tools-for-stm32.7-2018-q2-update.win32_1.0.0.201904181610/tools/bin/../lib/gcc/arm-none-eabi/7.3.1/../../../../arm-none-eabi/lib/thumb/v7-m\libc_nano.a
LOAD l:/st/stm32cubeide_1.1.0/stm32cubeide/plugins/com.st.stm32cube.ide.mcu.externaltools.gnu-tools-for-stm32.7-2018-q2-update.win32_1.0.0.201904181610/tools/bin/../lib/gcc/arm-none-eabi/7.3.1/../../../../arm-none-eabi/lib/thumb/v7-m\libnosys.a
END GROUP
LOAD l:/st/stm32cubeide_1.1.0/stm32cubeide/plugins/com.st.stm32cube.ide.mcu.externaltools.gnu-tools-for-stm32.7-2018-q2-update.win32_1.0.0.201904181610/tools/bin/../lib/gcc/arm-none-eabi/7.3.1/thumb/v7-m/crtend.o
LOAD l:/st/stm32cubeide_1.1.0/stm32cubeide/plugins/com.st.stm32cube.ide.mcu.externaltools.gnu-tools-for-stm32.7-2018-q2-update.win32_1.0.0.201904181610/tools/bin/../lib/gcc/arm-none-eabi/7.3.1/thumb/v7-m/crtn.o
                0x0000000020005000                _estack = (ORIGIN (RAM) + LENGTH (RAM))
                0x0000000000000200                _Min_Heap_Size = 0x200
                0x0000000000000400                _Min_Stack_Size = 0x400

.isr_vector     0x0000000008000000      0x10c
                0x0000000008000000                . = ALIGN (0x4)
 *(.isr_vector)
 .isr_vector    0x0000000008000000      0x10c Startup/startup_stm32f103c8tx.o
                0x0000000008000000                g_pfnVectors
                0x000000000800010c                . = ALIGN (0x4)

.text           0x000000000800010c     0x5da4
                0x000000000800010c                . = ALIGN (0x4)
 *(.text)
 .text          0x000000000800010c       0x40 l:/st/stm32cubeide_1.1.0/stm32cubeide/plugins/com.st.stm32cube.ide.mcu.externaltools.gnu-tools-for-stm32.7-2018-q2-update.win32_1.0.0.201904181610/tools/bin/../lib/gcc/arm-none-eabi/7.3.1/thumb/v7-m/crtbegin.o
 *(.text*)
 .text.HAL_Init
                0x000000000800014c       0x2c Drivers/STM32F1xx_HAL_Driver/Src/stm32f1xx_hal.o
                0x000000000800014c                HAL_Init
 .text.HAL_InitTick
                0x0000000008000178       0x60 Drivers/STM32F1xx_HAL_Driver/Src/stm32f1xx_hal.o
                0x0000000008000178                HAL_InitTick
 .text.HAL_IncTick
                0x00000000080001d8       0x24 Drivers/STM32F1xx_HAL_Driver/Src/stm32f1xx_hal.o
                0x00000000080001d8                HAL_IncTick
 .text.HAL_GetTick
                0x00000000080001fc       0x14 Drivers/STM32F1xx_HAL_Driver/Src/stm32f1xx_hal.o
                0x00000000080001fc                HAL_GetTick
 .text.HAL_ADC_Init
                0x0000000008000210      0x1b0 Drivers/STM32F1xx_HAL_Driver/Src/stm32f1xx_hal_adc.o
                0x0000000008000210                HAL_ADC_Init
 .text.HAL_ADC_Start_DMA
                0x00000000080003c0      0x1bc Drivers/STM32F1xx_HAL_Driver/Src/stm32f1xx_hal_adc.o
                0x00000000080003c0                HAL_ADC_Start_DMA
 .text.HAL_ADC_ConvCpltCallback
                0x000000000800057c       0x12 Drivers/STM32F1xx_HAL_Driver/Src/stm32f1xx_hal_adc.o
                0x000000000800057c                HAL_ADC_ConvCpltCallback
 .text.HAL_ADC_ConvHalfCpltCallback
                0x000000000800058e       0x12 Drivers/STM32F1xx_HAL_Driver/Src/stm32f1xx_hal_adc.o
                0x000000000800058e                HAL_ADC_ConvHalfCpltCallback
 .text.HAL_ADC_ErrorCallback
                0x00000000080005a0       0x12 Drivers/STM32F1xx_HAL_Driver/Src/stm32f1xx_hal_adc.o
                0x00000000080005a0                HAL_ADC_ErrorCallback
 *fill*         0x00000000080005b2        0x2 
 .text.HAL_ADC_ConfigChannel
                0x00000000080005b4      0x1f0 Drivers/STM32F1xx_HAL_Driver/Src/stm32f1xx_hal_adc.o
                0x00000000080005b4                HAL_ADC_ConfigChannel
 .text.ADC_Enable
                0x00000000080007a4       0xa4 Drivers/STM32F1xx_HAL_Driver/Src/stm32f1xx_hal_adc.o
                0x00000000080007a4                ADC_Enable
 .text.ADC_ConversionStop_Disable
                0x0000000008000848       0x74 Drivers/STM32F1xx_HAL_Driver/Src/stm32f1xx_hal_adc.o
                0x0000000008000848                ADC_ConversionStop_Disable
 .text.ADC_DMAConvCplt
                0x00000000080008bc       0x7c Drivers/STM32F1xx_HAL_Driver/Src/stm32f1xx_hal_adc.o
                0x00000000080008bc                ADC_DMAConvCplt
 .text.ADC_DMAHalfConvCplt
                0x0000000008000938       0x1c Drivers/STM32F1xx_HAL_Driver/Src/stm32f1xx_hal_adc.o
                0x0000000008000938                ADC_DMAHalfConvCplt
 .text.ADC_DMAError
                0x0000000008000954       0x34 Drivers/STM32F1xx_HAL_Driver/Src/stm32f1xx_hal_adc.o
                0x0000000008000954                ADC_DMAError
 .text.__NVIC_SetPriorityGrouping
                0x0000000008000988       0x48 Drivers/STM32F1xx_HAL_Driver/Src/stm32f1xx_hal_cortex.o
 .text.__NVIC_GetPriorityGrouping
                0x00000000080009d0       0x1c Drivers/STM32F1xx_HAL_Driver/Src/stm32f1xx_hal_cortex.o
 .text.__NVIC_EnableIRQ
                0x00000000080009ec       0x38 Drivers/STM32F1xx_HAL_Driver/Src/stm32f1xx_hal_cortex.o
 .text.__NVIC_SetPriority
                0x0000000008000a24       0x54 Drivers/STM32F1xx_HAL_Driver/Src/stm32f1xx_hal_cortex.o
 .text.NVIC_EncodePriority
                0x0000000008000a78       0x64 Drivers/STM32F1xx_HAL_Driver/Src/stm32f1xx_hal_cortex.o
 .text.SysTick_Config
                0x0000000008000adc       0x44 Drivers/STM32F1xx_HAL_Driver/Src/stm32f1xx_hal_cortex.o
 .text.HAL_NVIC_SetPriorityGrouping
                0x0000000008000b20       0x16 Drivers/STM32F1xx_HAL_Driver/Src/stm32f1xx_hal_cortex.o
                0x0000000008000b20                HAL_NVIC_SetPriorityGrouping
 .text.HAL_NVIC_SetPriority
                0x0000000008000b36       0x38 Drivers/STM32F1xx_HAL_Driver/Src/stm32f1xx_hal_cortex.o
                0x0000000008000b36                HAL_NVIC_SetPriority
 .text.HAL_NVIC_EnableIRQ
                0x0000000008000b6e       0x1c Drivers/STM32F1xx_HAL_Driver/Src/stm32f1xx_hal_cortex.o
                0x0000000008000b6e                HAL_NVIC_EnableIRQ
 .text.HAL_SYSTICK_Config
                0x0000000008000b8a       0x18 Drivers/STM32F1xx_HAL_Driver/Src/stm32f1xx_hal_cortex.o
                0x0000000008000b8a                HAL_SYSTICK_Config
 *fill*         0x0000000008000ba2        0x2 
 .text.HAL_DMA_Init
                0x0000000008000ba4       0xb4 Drivers/STM32F1xx_HAL_Driver/Src/stm32f1xx_hal_dma.o
                0x0000000008000ba4                HAL_DMA_Init
 .text.HAL_DMA_Start_IT
                0x0000000008000c58       0xbe Drivers/STM32F1xx_HAL_Driver/Src/stm32f1xx_hal_dma.o
                0x0000000008000c58                HAL_DMA_Start_IT
 *fill*         0x0000000008000d16        0x2 
 .text.HAL_DMA_IRQHandler
                0x0000000008000d18      0x20c Drivers/STM32F1xx_HAL_Driver/Src/stm32f1xx_hal_dma.o
                0x0000000008000d18                HAL_DMA_IRQHandler
 .text.DMA_SetConfig
                0x0000000008000f24       0x5a Drivers/STM32F1xx_HAL_Driver/Src/stm32f1xx_hal_dma.o
 *fill*         0x0000000008000f7e        0x2 
 .text.HAL_GPIO_Init
                0x0000000008000f80      0x2b4 Drivers/STM32F1xx_HAL_Driver/Src/stm32f1xx_hal_gpio.o
                0x0000000008000f80                HAL_GPIO_Init
 .text.HAL_GPIO_WritePin
                0x0000000008001234       0x30 Drivers/STM32F1xx_HAL_Driver/Src/stm32f1xx_hal_gpio.o
                0x0000000008001234                HAL_GPIO_WritePin
 .text.HAL_PCD_Init
                0x0000000008001264      0x1c2 Drivers/STM32F1xx_HAL_Driver/Src/stm32f1xx_hal_pcd.o
                0x0000000008001264                HAL_PCD_Init
 .text.HAL_PCD_Start
                0x0000000008001426       0x4c Drivers/STM32F1xx_HAL_Driver/Src/stm32f1xx_hal_pcd.o
                0x0000000008001426                HAL_PCD_Start
 .text.HAL_PCD_IRQHandler
                0x0000000008001472      0x21c Drivers/STM32F1xx_HAL_Driver/Src/stm32f1xx_hal_pcd.o
                0x0000000008001472                HAL_PCD_IRQHandler
 .text.HAL_PCD_SetAddress
                0x000000000800168e       0x4a Drivers/STM32F1xx_HAL_Driver/Src/stm32f1xx_hal_pcd.o
                0x000000000800168e                HAL_PCD_SetAddress
 .text.HAL_PCD_EP_Open
                0x00000000080016d8       0xc0 Drivers/STM32F1xx_HAL_Driver/Src/stm32f1xx_hal_pcd.o
                0x00000000080016d8                HAL_PCD_EP_Open
 .text.HAL_PCD_EP_Close
                0x0000000008001798       0x84 Drivers/STM32F1xx_HAL_Driver/Src/stm32f1xx_hal_pcd.o
                0x0000000008001798                HAL_PCD_EP_Close
 .text.HAL_PCD_EP_Receive
                0x000000000800181c       0x74 Drivers/STM32F1xx_HAL_Driver/Src/stm32f1xx_hal_pcd.o
                0x000000000800181c                HAL_PCD_EP_Receive
 .text.HAL_PCD_EP_Transmit
                0x0000000008001890       0x72 Drivers/STM32F1xx_HAL_Driver/Src/stm32f1xx_hal_pcd.o
                0x0000000008001890                HAL_PCD_EP_Transmit
 .text.HAL_PCD_EP_SetStall
                0x0000000008001902       0xb4 Drivers/STM32F1xx_HAL_Driver/Src/stm32f1xx_hal_pcd.o
                0x0000000008001902                HAL_PCD_EP_SetStall
 .text.HAL_PCD_EP_ClrStall
                0x00000000080019b6       0x9c Drivers/STM32F1xx_HAL_Driver/Src/stm32f1xx_hal_pcd.o
                0x00000000080019b6                HAL_PCD_EP_ClrStall
 *fill*         0x0000000008001a52        0x2 
 .text.PCD_EP_ISR_Handler
                0x0000000008001a54      0x534 Drivers/STM32F1xx_HAL_Driver/Src/stm32f1xx_hal_pcd.o
 .text.HAL_PCDEx_PMAConfig
                0x0000000008001f88       0x78 Drivers/STM32F1xx_HAL_Driver/Src/stm32f1xx_hal_pcd_ex.o
                0x0000000008001f88                HAL_PCDEx_PMAConfig
 .text.HAL_RCC_OscConfig
                0x0000000008002000      0x500 Drivers/STM32F1xx_HAL_Driver/Src/stm32f1xx_hal_rcc.o
                0x0000000008002000                HAL_RCC_OscConfig
 .text.HAL_RCC_ClockConfig
                0x0000000008002500      0x1d4 Drivers/STM32F1xx_HAL_Driver/Src/stm32f1xx_hal_rcc.o
                0x0000000008002500                HAL_RCC_ClockConfig
 .text.HAL_RCC_GetSysClockFreq
                0x00000000080026d4       0xc4 Drivers/STM32F1xx_HAL_Driver/Src/stm32f1xx_hal_rcc.o
                0x00000000080026d4                HAL_RCC_GetSysClockFreq
 .text.RCC_Delay
                0x0000000008002798       0x3c Drivers/STM32F1xx_HAL_Driver/Src/stm32f1xx_hal_rcc.o
 .text.HAL_RCCEx_PeriphCLKConfig
                0x00000000080027d4      0x16c Drivers/STM32F1xx_HAL_Driver/Src/stm32f1xx_hal_rcc_ex.o
                0x00000000080027d4                HAL_RCCEx_PeriphCLKConfig
 .text.USB_CoreInit
                0x0000000008002940       0x20 Drivers/STM32F1xx_HAL_Driver/Src/stm32f1xx_ll_usb.o
                0x0000000008002940                USB_CoreInit
 .text.USB_EnableGlobalInt
                0x0000000008002960       0x2e Drivers/STM32F1xx_HAL_Driver/Src/stm32f1xx_ll_usb.o
                0x0000000008002960                USB_EnableGlobalInt
 .text.USB_DisableGlobalInt
                0x000000000800298e       0x38 Drivers/STM32F1xx_HAL_Driver/Src/stm32f1xx_ll_usb.o
                0x000000000800298e                USB_DisableGlobalInt
 .text.USB_SetCurrentMode
                0x00000000080029c6       0x18 Drivers/STM32F1xx_HAL_Driver/Src/stm32f1xx_ll_usb.o
                0x00000000080029c6                USB_SetCurrentMode
 .text.USB_DevInit
                0x00000000080029de       0x48 Drivers/STM32F1xx_HAL_Driver/Src/stm32f1xx_ll_usb.o
                0x00000000080029de                USB_DevInit
 *fill*         0x0000000008002a26        0x2 
 .text.USB_ActivateEndpoint
                0x0000000008002a28      0x5dc Drivers/STM32F1xx_HAL_Driver/Src/stm32f1xx_ll_usb.o
                0x0000000008002a28                USB_ActivateEndpoint
 .text.USB_DeactivateEndpoint
                0x0000000008003004      0x32c Drivers/STM32F1xx_HAL_Driver/Src/stm32f1xx_ll_usb.o
                0x0000000008003004                USB_DeactivateEndpoint
 .text.USB_EPStartXfer
                0x0000000008003330      0x570 Drivers/STM32F1xx_HAL_Driver/Src/stm32f1xx_ll_usb.o
                0x0000000008003330                USB_EPStartXfer
 .text.USB_EPSetStall
                0x00000000080038a0       0x84 Drivers/STM32F1xx_HAL_Driver/Src/stm32f1xx_ll_usb.o
                0x00000000080038a0                USB_EPSetStall
 .text.USB_EPClearStall
                0x0000000008003924      0x128 Drivers/STM32F1xx_HAL_Driver/Src/stm32f1xx_ll_usb.o
                0x0000000008003924                USB_EPClearStall
 .text.USB_SetDevAddress
                0x0000000008003a4c       0x26 Drivers/STM32F1xx_HAL_Driver/Src/stm32f1xx_ll_usb.o
                0x0000000008003a4c                USB_SetDevAddress
 .text.USB_DevConnect
                0x0000000008003a72       0x14 Drivers/STM32F1xx_HAL_Driver/Src/stm32f1xx_ll_usb.o
                0x0000000008003a72                USB_DevConnect
 .text.USB_DevDisconnect
                0x0000000008003a86       0x14 Drivers/STM32F1xx_HAL_Driver/Src/stm32f1xx_ll_usb.o
                0x0000000008003a86                USB_DevDisconnect
 .text.USB_ReadInterrupts
                0x0000000008003a9a       0x1e Drivers/STM32F1xx_HAL_Driver/Src/stm32f1xx_ll_usb.o
                0x0000000008003a9a                USB_ReadInterrupts
 .text.USB_EP0_OutStart
                0x0000000008003ab8       0x16 Drivers/STM32F1xx_HAL_Driver/Src/stm32f1xx_ll_usb.o
                0x0000000008003ab8                USB_EP0_OutStart
 .text.USB_WritePMA
                0x0000000008003ace       0x88 Drivers/STM32F1xx_HAL_Driver/Src/stm32f1xx_ll_usb.o
                0x0000000008003ace                USB_WritePMA
 .text.USB_ReadPMA
                0x0000000008003b56       0x9e Drivers/STM32F1xx_HAL_Driver/Src/stm32f1xx_ll_usb.o
                0x0000000008003b56                USB_ReadPMA
 .text.USBD_CUSTOM_HID_Init
                0x0000000008003bf4       0x82 Middlewares/ST/STM32_USB_Device_Library/Class/CustomHID/Src/usbd_customhid.o
 .text.USBD_CUSTOM_HID_DeInit
                0x0000000008003c76       0x5c Middlewares/ST/STM32_USB_Device_Library/Class/CustomHID/Src/usbd_customhid.o
 *fill*         0x0000000008003cd2        0x2 
 .text.USBD_CUSTOM_HID_Setup
                0x0000000008003cd4      0x200 Middlewares/ST/STM32_USB_Device_Library/Class/CustomHID/Src/usbd_customhid.o
 .text.USBD_CUSTOM_HID_SendReport
                0x0000000008003ed4       0x4a Middlewares/ST/STM32_USB_Device_Library/Class/CustomHID/Src/usbd_customhid.o
                0x0000000008003ed4                USBD_CUSTOM_HID_SendReport
 *fill*         0x0000000008003f1e        0x2 
 .text.USBD_CUSTOM_HID_GetFSCfgDesc
                0x0000000008003f20       0x20 Middlewares/ST/STM32_USB_Device_Library/Class/CustomHID/Src/usbd_customhid.o
 .text.USBD_CUSTOM_HID_GetHSCfgDesc
                0x0000000008003f40       0x20 Middlewares/ST/STM32_USB_Device_Library/Class/CustomHID/Src/usbd_customhid.o
 .text.USBD_CUSTOM_HID_GetOtherSpeedCfgDesc
                0x0000000008003f60       0x20 Middlewares/ST/STM32_USB_Device_Library/Class/CustomHID/Src/usbd_customhid.o
 .text.USBD_CUSTOM_HID_DataIn
                0x0000000008003f80       0x22 Middlewares/ST/STM32_USB_Device_Library/Class/CustomHID/Src/usbd_customhid.o
 .text.USBD_CUSTOM_HID_DataOut
                0x0000000008003fa2       0x3e Middlewares/ST/STM32_USB_Device_Library/Class/CustomHID/Src/usbd_customhid.o
 .text.USBD_CUSTOM_HID_EP0_RxReady
                0x0000000008003fe0       0x3c Middlewares/ST/STM32_USB_Device_Library/Class/CustomHID/Src/usbd_customhid.o
 .text.USBD_CUSTOM_HID_GetDeviceQualifierDesc
                0x000000000800401c       0x20 Middlewares/ST/STM32_USB_Device_Library/Class/CustomHID/Src/usbd_customhid.o
 .text.USBD_CUSTOM_HID_RegisterInterface
                0x000000000800403c       0x2c Middlewares/ST/STM32_USB_Device_Library/Class/CustomHID/Src/usbd_customhid.o
                0x000000000800403c                USBD_CUSTOM_HID_RegisterInterface
 .text.USBD_Init
                0x0000000008004068       0x56 Middlewares/ST/STM32_USB_Device_Library/Core/Src/usbd_core.o
                0x0000000008004068                USBD_Init
 .text.USBD_RegisterClass
                0x00000000080040be       0x32 Middlewares/ST/STM32_USB_Device_Library/Core/Src/usbd_core.o
                0x00000000080040be                USBD_RegisterClass
 .text.USBD_Start
                0x00000000080040f0       0x18 Middlewares/ST/STM32_USB_Device_Library/Core/Src/usbd_core.o
                0x00000000080040f0                USBD_Start
 .text.USBD_RunTestMode
                0x0000000008004108       0x14 Middlewares/ST/STM32_USB_Device_Library/Core/Src/usbd_core.o
                0x0000000008004108                USBD_RunTestMode
 .text.USBD_SetClassConfig
                0x000000000800411c       0x3e Middlewares/ST/STM32_USB_Device_Library/Core/Src/usbd_core.o
                0x000000000800411c                USBD_SetClassConfig
 .text.USBD_ClrClassConfig
                0x000000000800415a       0x26 Middlewares/ST/STM32_USB_Device_Library/Core/Src/usbd_core.o
                0x000000000800415a                USBD_ClrClassConfig
 .text.USBD_LL_SetupStage
                0x0000000008004180       0x96 Middlewares/ST/STM32_USB_Device_Library/Core/Src/usbd_core.o
                0x0000000008004180                USBD_LL_SetupStage
 .text.USBD_LL_DataOutStage
                0x0000000008004216       0xe2 Middlewares/ST/STM32_USB_Device_Library/Core/Src/usbd_core.o
                0x0000000008004216                USBD_LL_DataOutStage
 .text.USBD_LL_DataInStage
                0x00000000080042f8      0x14a Middlewares/ST/STM32_USB_Device_Library/Core/Src/usbd_core.o
                0x00000000080042f8                USBD_LL_DataInStage
 .text.USBD_LL_Reset
                0x0000000008004442       0x82 Middlewares/ST/STM32_USB_Device_Library/Core/Src/usbd_core.o
                0x0000000008004442                USBD_LL_Reset
 .text.USBD_LL_SetSpeed
                0x00000000080044c4       0x1e Middlewares/ST/STM32_USB_Device_Library/Core/Src/usbd_core.o
                0x00000000080044c4                USBD_LL_SetSpeed
 .text.USBD_LL_Suspend
                0x00000000080044e2       0x28 Middlewares/ST/STM32_USB_Device_Library/Core/Src/usbd_core.o
                0x00000000080044e2                USBD_LL_Suspend
 .text.USBD_LL_Resume
                0x000000000800450a       0x2a Middlewares/ST/STM32_USB_Device_Library/Core/Src/usbd_core.o
                0x000000000800450a                USBD_LL_Resume
 .text.USBD_LL_SOF
                0x0000000008004534       0x34 Middlewares/ST/STM32_USB_Device_Library/Core/Src/usbd_core.o
                0x0000000008004534                USBD_LL_SOF
 .text.USBD_StdDevReq
                0x0000000008004568       0xd4 Middlewares/ST/STM32_USB_Device_Library/Core/Src/usbd_ctlreq.o
                0x0000000008004568                USBD_StdDevReq
 .text.USBD_StdItfReq
                0x000000000800463c       0x8c Middlewares/ST/STM32_USB_Device_Library/Core/Src/usbd_ctlreq.o
                0x000000000800463c                USBD_StdItfReq
 .text.USBD_StdEPReq
                0x00000000080046c8      0x2ba Middlewares/ST/STM32_USB_Device_Library/Core/Src/usbd_ctlreq.o
                0x00000000080046c8                USBD_StdEPReq
 *fill*         0x0000000008004982        0x2 
 .text.USBD_GetDescriptor
                0x0000000008004984      0x2d0 Middlewares/ST/STM32_USB_Device_Library/Core/Src/usbd_ctlreq.o
 .text.USBD_SetAddress
                0x0000000008004c54       0x84 Middlewares/ST/STM32_USB_Device_Library/Core/Src/usbd_ctlreq.o
 .text.USBD_SetConfig
                0x0000000008004cd8      0x11c Middlewares/ST/STM32_USB_Device_Library/Core/Src/usbd_ctlreq.o
 .text.USBD_GetConfig
                0x0000000008004df4       0x68 Middlewares/ST/STM32_USB_Device_Library/Core/Src/usbd_ctlreq.o
 .text.USBD_GetStatus
                0x0000000008004e5c       0x66 Middlewares/ST/STM32_USB_Device_Library/Core/Src/usbd_ctlreq.o
 .text.USBD_SetFeature
                0x0000000008004ec2       0x28 Middlewares/ST/STM32_USB_Device_Library/Core/Src/usbd_ctlreq.o
 .text.USBD_ClrFeature
                0x0000000008004eea       0x42 Middlewares/ST/STM32_USB_Device_Library/Core/Src/usbd_ctlreq.o
 .text.USBD_ParseSetupRequest
                0x0000000008004f2c       0x78 Middlewares/ST/STM32_USB_Device_Library/Core/Src/usbd_ctlreq.o
                0x0000000008004f2c                USBD_ParseSetupRequest
 .text.USBD_CtlError
                0x0000000008004fa4       0x22 Middlewares/ST/STM32_USB_Device_Library/Core/Src/usbd_ctlreq.o
                0x0000000008004fa4                USBD_CtlError
 .text.USBD_GetString
                0x0000000008004fc6       0x84 Middlewares/ST/STM32_USB_Device_Library/Core/Src/usbd_ctlreq.o
                0x0000000008004fc6                USBD_GetString
 .text.USBD_GetLen
                0x000000000800504a       0x2e Middlewares/ST/STM32_USB_Device_Library/Core/Src/usbd_ctlreq.o
 .text.USBD_CtlSendData
                0x0000000008005078       0x38 Middlewares/ST/STM32_USB_Device_Library/Core/Src/usbd_ioreq.o
                0x0000000008005078                USBD_CtlSendData
 .text.USBD_CtlContinueSendData
                0x00000000080050b0       0x24 Middlewares/ST/STM32_USB_Device_Library/Core/Src/usbd_ioreq.o
                0x00000000080050b0                USBD_CtlContinueSendData
 .text.USBD_CtlPrepareRx
                0x00000000080050d4       0x3c Middlewares/ST/STM32_USB_Device_Library/Core/Src/usbd_ioreq.o
                0x00000000080050d4                USBD_CtlPrepareRx
 .text.USBD_CtlContinueRx
                0x0000000008005110       0x24 Middlewares/ST/STM32_USB_Device_Library/Core/Src/usbd_ioreq.o
                0x0000000008005110                USBD_CtlContinueRx
 .text.USBD_CtlSendStatus
                0x0000000008005134       0x26 Middlewares/ST/STM32_USB_Device_Library/Core/Src/usbd_ioreq.o
                0x0000000008005134                USBD_CtlSendStatus
 .text.USBD_CtlReceiveStatus
                0x000000000800515a       0x26 Middlewares/ST/STM32_USB_Device_Library/Core/Src/usbd_ioreq.o
                0x000000000800515a                USBD_CtlReceiveStatus
 .text.main     0x0000000008005180       0x58 Src/main.o
                0x0000000008005180                main
 .text.SystemClock_Config
                0x00000000080051d8       0xba Src/main.o
                0x00000000080051d8                SystemClock_Config
 *fill*         0x0000000008005292        0x2 
 .text.MX_ADC1_Init
                0x0000000008005294       0x9c Src/main.o
 .text.MX_DMA_Init
                0x0000000008005330       0x3c Src/main.o
 .text.MX_GPIO_Init
                0x000000000800536c       0xb0 Src/main.o
 .text.Error_Handler
                0x000000000800541c        0xc Src/main.o
                0x000000000800541c                Error_Handler
 .text.HAL_MspInit
                0x0000000008005428       0x64 Src/stm32f1xx_hal_msp.o
                0x0000000008005428                HAL_MspInit
 .text.HAL_ADC_MspInit
                0x000000000800548c       0xd0 Src/stm32f1xx_hal_msp.o
                0x000000000800548c                HAL_ADC_MspInit
 .text.NMI_Handler
                0x000000000800555c        0xc Src/stm32f1xx_it.o
                0x000000000800555c                NMI_Handler
 .text.HardFault_Handler
                0x0000000008005568        0x6 Src/stm32f1xx_it.o
                0x0000000008005568                HardFault_Handler
 .text.MemManage_Handler
                0x000000000800556e        0x6 Src/stm32f1xx_it.o
                0x000000000800556e                MemManage_Handler
 .text.BusFault_Handler
                0x0000000008005574        0x6 Src/stm32f1xx_it.o
                0x0000000008005574                BusFault_Handler
 .text.UsageFault_Handler
                0x000000000800557a        0x6 Src/stm32f1xx_it.o
                0x000000000800557a                UsageFault_Handler
 .text.SVC_Handler
                0x0000000008005580        0xc Src/stm32f1xx_it.o
                0x0000000008005580                SVC_Handler
 .text.DebugMon_Handler
                0x000000000800558c        0xc Src/stm32f1xx_it.o
                0x000000000800558c                DebugMon_Handler
 .text.PendSV_Handler
                0x0000000008005598        0xc Src/stm32f1xx_it.o
                0x0000000008005598                PendSV_Handler
 .text.SysTick_Handler
                0x00000000080055a4        0xc Src/stm32f1xx_it.o
                0x00000000080055a4                SysTick_Handler
 .text.DMA1_Channel1_IRQHandler
                0x00000000080055b0       0x14 Src/stm32f1xx_it.o
                0x00000000080055b0                DMA1_Channel1_IRQHandler
 .text.USB_LP_CAN1_RX0_IRQHandler
                0x00000000080055c4       0x14 Src/stm32f1xx_it.o
                0x00000000080055c4                USB_LP_CAN1_RX0_IRQHandler
 .text.SystemInit
                0x00000000080055d8       0x68 Src/system_stm32f1xx.o
                0x00000000080055d8                SystemInit
 .text.MX_USB_DEVICE_Init
                0x0000000008005640       0x60 Src/usb_device.o
                0x0000000008005640                MX_USB_DEVICE_Init
 .text.HAL_PCD_MspInit
                0x00000000080056a0       0x4c Src/usbd_conf.o
                0x00000000080056a0                HAL_PCD_MspInit
 .text.HAL_PCD_SetupStageCallback
                0x00000000080056ec       0x24 Src/usbd_conf.o
                0x00000000080056ec                HAL_PCD_SetupStageCallback
 .text.HAL_PCD_DataOutStageCallback
                0x0000000008005710       0x30 Src/usbd_conf.o
                0x0000000008005710                HAL_PCD_DataOutStageCallback
 .text.HAL_PCD_DataInStageCallback
                0x0000000008005740       0x2e Src/usbd_conf.o
                0x0000000008005740                HAL_PCD_DataInStageCallback
 .text.HAL_PCD_SOFCallback
                0x000000000800576e       0x1c Src/usbd_conf.o
                0x000000000800576e                HAL_PCD_SOFCallback
 .text.HAL_PCD_ResetCallback
                0x000000000800578a       0x3c Src/usbd_conf.o
                0x000000000800578a                HAL_PCD_ResetCallback
 *fill*         0x00000000080057c6        0x2 
 .text.HAL_PCD_SuspendCallback
                0x00000000080057c8       0x34 Src/usbd_conf.o
                0x00000000080057c8                HAL_PCD_SuspendCallback
 .text.HAL_PCD_ResumeCallback
                0x00000000080057fc       0x1c Src/usbd_conf.o
                0x00000000080057fc                HAL_PCD_ResumeCallback
 .text.USBD_LL_Init
                0x0000000008005818       0xa0 Src/usbd_conf.o
                0x0000000008005818                USBD_LL_Init
 .text.USBD_LL_Start
                0x00000000080058b8       0x36 Src/usbd_conf.o
                0x00000000080058b8                USBD_LL_Start
 .text.USBD_LL_OpenEP
                0x00000000080058ee       0x4c Src/usbd_conf.o
                0x00000000080058ee                USBD_LL_OpenEP
 .text.USBD_LL_CloseEP
                0x000000000800593a       0x3e Src/usbd_conf.o
                0x000000000800593a                USBD_LL_CloseEP
 .text.USBD_LL_StallEP
                0x0000000008005978       0x3e Src/usbd_conf.o
                0x0000000008005978                USBD_LL_StallEP
 .text.USBD_LL_ClearStallEP
                0x00000000080059b6       0x3e Src/usbd_conf.o
                0x00000000080059b6                USBD_LL_ClearStallEP
 .text.USBD_LL_IsStallEP
                0x00000000080059f4       0x4a Src/usbd_conf.o
                0x00000000080059f4                USBD_LL_IsStallEP
 .text.USBD_LL_SetUSBAddress
                0x0000000008005a3e       0x3e Src/usbd_conf.o
                0x0000000008005a3e                USBD_LL_SetUSBAddress
 .text.USBD_LL_Transmit
                0x0000000008005a7c       0x46 Src/usbd_conf.o
                0x0000000008005a7c                USBD_LL_Transmit
 .text.USBD_LL_PrepareReceive
                0x0000000008005ac2       0x46 Src/usbd_conf.o
                0x0000000008005ac2                USBD_LL_PrepareReceive
 .text.USBD_static_malloc
                0x0000000008005b08       0x18 Src/usbd_conf.o
                0x0000000008005b08                USBD_static_malloc
 .text.USBD_static_free
                0x0000000008005b20       0x12 Src/usbd_conf.o
                0x0000000008005b20                USBD_static_free
 .text.HAL_PCDEx_SetConnectionState
                0x0000000008005b32       0x16 Src/usbd_conf.o
                0x0000000008005b32                HAL_PCDEx_SetConnectionState
 .text.USBD_Get_USB_Status
                0x0000000008005b48       0x58 Src/usbd_conf.o
 .text.CUSTOM_HID_Init_FS
                0x0000000008005ba0        0xe Src/usbd_custom_hid_if.o
 .text.CUSTOM_HID_DeInit_FS
                0x0000000008005bae        0xe Src/usbd_custom_hid_if.o
 .text.CUSTOM_HID_OutEvent_FS
                0x0000000008005bbc       0x1c Src/usbd_custom_hid_if.o
 .text.USBD_FS_DeviceDescriptor
                0x0000000008005bd8       0x24 Src/usbd_desc.o
                0x0000000008005bd8                USBD_FS_DeviceDescriptor
 .text.USBD_FS_LangIDStrDescriptor
                0x0000000008005bfc       0x24 Src/usbd_desc.o
                0x0000000008005bfc                USBD_FS_LangIDStrDescriptor
 .text.USBD_FS_ProductStrDescriptor
                0x0000000008005c20       0x3c Src/usbd_desc.o
                0x0000000008005c20                USBD_FS_ProductStrDescriptor
 .text.USBD_FS_ManufacturerStrDescriptor
                0x0000000008005c5c       0x28 Src/usbd_desc.o
                0x0000000008005c5c                USBD_FS_ManufacturerStrDescriptor
 .text.USBD_FS_SerialStrDescriptor
                0x0000000008005c84       0x24 Src/usbd_desc.o
                0x0000000008005c84                USBD_FS_SerialStrDescriptor
 .text.USBD_FS_ConfigStrDescriptor
                0x0000000008005ca8       0x3c Src/usbd_desc.o
                0x0000000008005ca8                USBD_FS_ConfigStrDescriptor
 .text.USBD_FS_InterfaceStrDescriptor
                0x0000000008005ce4       0x3c Src/usbd_desc.o
                0x0000000008005ce4                USBD_FS_InterfaceStrDescriptor
 .text.Get_SerialNum
                0x0000000008005d20       0x58 Src/usbd_desc.o
 .text.IntToUnicode
                0x0000000008005d78       0x7a Src/usbd_desc.o
 *fill*         0x0000000008005df2        0x2 
 .text.Reset_Handler
                0x0000000008005df4       0x48 Startup/startup_stm32f103c8tx.o
                0x0000000008005df4                Reset_Handler
 .text.Default_Handler
                0x0000000008005e3c        0x2 Startup/startup_stm32f103c8tx.o
                0x0000000008005e3c                RTC_Alarm_IRQHandler
                0x0000000008005e3c                EXTI2_IRQHandler
                0x0000000008005e3c                TIM1_CC_IRQHandler
                0x0000000008005e3c                PVD_IRQHandler
                0x0000000008005e3c                EXTI3_IRQHandler
                0x0000000008005e3c                EXTI0_IRQHandler
                0x0000000008005e3c                I2C2_EV_IRQHandler
                0x0000000008005e3c                ADC1_2_IRQHandler
                0x0000000008005e3c                SPI1_IRQHandler
                0x0000000008005e3c                TAMPER_IRQHandler
                0x0000000008005e3c                DMA1_Channel4_IRQHandler
                0x0000000008005e3c                USART3_IRQHandler
                0x0000000008005e3c                RTC_IRQHandler
                0x0000000008005e3c                DMA1_Channel7_IRQHandler
                0x0000000008005e3c                CAN1_RX1_IRQHandler
                0x0000000008005e3c                TIM4_IRQHandler
                0x0000000008005e3c                I2C1_EV_IRQHandler
                0x0000000008005e3c                DMA1_Channel6_IRQHandler
                0x0000000008005e3c                TIM3_IRQHandler
                0x0000000008005e3c                RCC_IRQHandler
                0x0000000008005e3c                TIM1_TRG_COM_IRQHandler
                0x0000000008005e3c                Default_Handler
                0x0000000008005e3c                EXTI15_10_IRQHandler
                0x0000000008005e3c                EXTI9_5_IRQHandler
                0x0000000008005e3c                SPI2_IRQHandler
                0x0000000008005e3c                DMA1_Channel5_IRQHandler
                0x0000000008005e3c                EXTI4_IRQHandler
                0x0000000008005e3c                USB_HP_CAN1_TX_IRQHandler
                0x0000000008005e3c                DMA1_Channel3_IRQHandler
                0x0000000008005e3c                TIM1_UP_IRQHandler
                0x0000000008005e3c                WWDG_IRQHandler
                0x0000000008005e3c                TIM2_IRQHandler
                0x0000000008005e3c                TIM1_BRK_IRQHandler
                0x0000000008005e3c                EXTI1_IRQHandler
                0x0000000008005e3c                USART2_IRQHandler
                0x0000000008005e3c                I2C2_ER_IRQHandler
                0x0000000008005e3c                DMA1_Channel2_IRQHandler
                0x0000000008005e3c                CAN1_SCE_IRQHandler
                0x0000000008005e3c                FLASH_IRQHandler
                0x0000000008005e3c                USART1_IRQHandler
                0x0000000008005e3c                I2C1_ER_IRQHandler
                0x0000000008005e3c                USBWakeUp_IRQHandler
 *fill*         0x0000000008005e3e        0x2 
 .text.__libc_init_array
                0x0000000008005e40       0x48 l:/st/stm32cubeide_1.1.0/stm32cubeide/plugins/com.st.stm32cube.ide.mcu.externaltools.gnu-tools-for-stm32.7-2018-q2-update.win32_1.0.0.201904181610/tools/bin/../lib/gcc/arm-none-eabi/7.3.1/../../../../arm-none-eabi/lib/thumb/v7-m\libc_nano.a(lib_a-init.o)
                0x0000000008005e40                __libc_init_array
 .text.memset   0x0000000008005e88       0x10 l:/st/stm32cubeide_1.1.0/stm32cubeide/plugins/com.st.stm32cube.ide.mcu.externaltools.gnu-tools-for-stm32.7-2018-q2-update.win32_1.0.0.201904181610/tools/bin/../lib/gcc/arm-none-eabi/7.3.1/../../../../arm-none-eabi/lib/thumb/v7-m\libc_nano.a(lib_a-memset.o)
                0x0000000008005e88                memset
 *(.glue_7)
 .glue_7        0x0000000008005e98        0x0 linker stubs
 *(.glue_7t)
 .glue_7t       0x0000000008005e98        0x0 linker stubs
 *(.eh_frame)
 .eh_frame      0x0000000008005e98        0x0 l:/st/stm32cubeide_1.1.0/stm32cubeide/plugins/com.st.stm32cube.ide.mcu.externaltools.gnu-tools-for-stm32.7-2018-q2-update.win32_1.0.0.201904181610/tools/bin/../lib/gcc/arm-none-eabi/7.3.1/thumb/v7-m/crtbegin.o
 *(.init)
 .init          0x0000000008005e98        0x4 l:/st/stm32cubeide_1.1.0/stm32cubeide/plugins/com.st.stm32cube.ide.mcu.externaltools.gnu-tools-for-stm32.7-2018-q2-update.win32_1.0.0.201904181610/tools/bin/../lib/gcc/arm-none-eabi/7.3.1/thumb/v7-m/crti.o
                0x0000000008005e98                _init
 .init          0x0000000008005e9c        0x8 l:/st/stm32cubeide_1.1.0/stm32cubeide/plugins/com.st.stm32cube.ide.mcu.externaltools.gnu-tools-for-stm32.7-2018-q2-update.win32_1.0.0.201904181610/tools/bin/../lib/gcc/arm-none-eabi/7.3.1/thumb/v7-m/crtn.o
 *(.fini)
 .fini          0x0000000008005ea4        0x4 l:/st/stm32cubeide_1.1.0/stm32cubeide/plugins/com.st.stm32cube.ide.mcu.externaltools.gnu-tools-for-stm32.7-2018-q2-update.win32_1.0.0.201904181610/tools/bin/../lib/gcc/arm-none-eabi/7.3.1/thumb/v7-m/crti.o
                0x0000000008005ea4                _fini
 .fini          0x0000000008005ea8        0x8 l:/st/stm32cubeide_1.1.0/stm32cubeide/plugins/com.st.stm32cube.ide.mcu.externaltools.gnu-tools-for-stm32.7-2018-q2-update.win32_1.0.0.201904181610/tools/bin/../lib/gcc/arm-none-eabi/7.3.1/thumb/v7-m/crtn.o
                0x0000000008005eb0                . = ALIGN (0x4)
                0x0000000008005eb0                _etext = .

.vfp11_veneer   0x0000000008005eb0        0x0
 .vfp11_veneer  0x0000000008005eb0        0x0 linker stubs

.v4_bx          0x0000000008005eb0        0x0
 .v4_bx         0x0000000008005eb0        0x0 linker stubs

.iplt           0x0000000008005eb0        0x0
 .iplt          0x0000000008005eb0        0x0 l:/st/stm32cubeide_1.1.0/stm32cubeide/plugins/com.st.stm32cube.ide.mcu.externaltools.gnu-tools-for-stm32.7-2018-q2-update.win32_1.0.0.201904181610/tools/bin/../lib/gcc/arm-none-eabi/7.3.1/thumb/v7-m/crtbegin.o

.rodata         0x0000000008005eb0       0x84
                0x0000000008005eb0                . = ALIGN (0x4)
 *(.rodata)
 .rodata        0x0000000008005eb0       0x12 Drivers/STM32F1xx_HAL_Driver/Src/stm32f1xx_hal_rcc.o
 *fill*         0x0000000008005ec2        0x2 
 .rodata        0x0000000008005ec4       0x5d Src/usbd_desc.o
 *(.rodata*)
 *fill*         0x0000000008005f21        0x3 
 .rodata.AHBPrescTable
                0x0000000008005f24       0x10 Src/system_stm32f1xx.o
                0x0000000008005f24                AHBPrescTable
                0x0000000008005f34                . = ALIGN (0x4)

.rel.dyn        0x0000000008005f34        0x0
 .rel.iplt      0x0000000008005f34        0x0 l:/st/stm32cubeide_1.1.0/stm32cubeide/plugins/com.st.stm32cube.ide.mcu.externaltools.gnu-tools-for-stm32.7-2018-q2-update.win32_1.0.0.201904181610/tools/bin/../lib/gcc/arm-none-eabi/7.3.1/thumb/v7-m/crtbegin.o

.ARM.extab      0x0000000008005f34        0x0
                0x0000000008005f34                . = ALIGN (0x4)
 *(.ARM.extab* .gnu.linkonce.armextab.*)
                0x0000000008005f34                . = ALIGN (0x4)

.ARM            0x0000000008005f34        0x0
                0x0000000008005f34                . = ALIGN (0x4)
                0x0000000008005f34                __exidx_start = .
 *(.ARM.exidx*)
                0x0000000008005f34                __exidx_end = .
                0x0000000008005f34                . = ALIGN (0x4)

.preinit_array  0x0000000008005f34        0x0
                0x0000000008005f34                . = ALIGN (0x4)
                0x0000000008005f34                PROVIDE (__preinit_array_start = .)
 *(.preinit_array*)
                0x0000000008005f34                PROVIDE (__preinit_array_end = .)
                0x0000000008005f34                . = ALIGN (0x4)

.init_array     0x0000000008005f34        0x4
                0x0000000008005f34                . = ALIGN (0x4)
                0x0000000008005f34                PROVIDE (__init_array_start = .)
 *(SORT_BY_NAME(.init_array.*))
 *(.init_array*)
 .init_array    0x0000000008005f34        0x4 l:/st/stm32cubeide_1.1.0/stm32cubeide/plugins/com.st.stm32cube.ide.mcu.externaltools.gnu-tools-for-stm32.7-2018-q2-update.win32_1.0.0.201904181610/tools/bin/../lib/gcc/arm-none-eabi/7.3.1/thumb/v7-m/crtbegin.o
                0x0000000008005f38                PROVIDE (__init_array_end = .)
                0x0000000008005f38                . = ALIGN (0x4)

.fini_array     0x0000000008005f38        0x4
                0x0000000008005f38                . = ALIGN (0x4)
                [!provide]                        PROVIDE (__fini_array_start = .)
 *(SORT_BY_NAME(.fini_array.*))
 *(.fini_array*)
 .fini_array    0x0000000008005f38        0x4 l:/st/stm32cubeide_1.1.0/stm32cubeide/plugins/com.st.stm32cube.ide.mcu.externaltools.gnu-tools-for-stm32.7-2018-q2-update.win32_1.0.0.201904181610/tools/bin/../lib/gcc/arm-none-eabi/7.3.1/thumb/v7-m/crtbegin.o
                [!provide]                        PROVIDE (__fini_array_end = .)
                0x0000000008005f3c                . = ALIGN (0x4)
                0x0000000008005f3c                _sidata = LOADADDR (.data)

.data           0x0000000020000000      0x164 load address 0x0000000008005f3c
                0x0000000020000000                . = ALIGN (0x4)
                0x0000000020000000                _sdata = .
 *(.data)
 *(.data*)
 .data.uwTickPrio
                0x0000000020000000        0x4 Drivers/STM32F1xx_HAL_Driver/Src/stm32f1xx_hal.o
                0x0000000020000000                uwTickPrio
 .data.uwTickFreq
                0x0000000020000004        0x1 Drivers/STM32F1xx_HAL_Driver/Src/stm32f1xx_hal.o
                0x0000000020000004                uwTickFreq
 *fill*         0x0000000020000005        0x3 
 .data.USBD_CUSTOM_HID
                0x0000000020000008       0x38 Middlewares/ST/STM32_USB_Device_Library/Class/CustomHID/Src/usbd_customhid.o
                0x0000000020000008                USBD_CUSTOM_HID
 .data.USBD_CUSTOM_HID_CfgFSDesc
                0x0000000020000040       0x29 Middlewares/ST/STM32_USB_Device_Library/Class/CustomHID/Src/usbd_customhid.o
 *fill*         0x0000000020000069        0x3 
 .data.USBD_CUSTOM_HID_CfgHSDesc
                0x000000002000006c       0x29 Middlewares/ST/STM32_USB_Device_Library/Class/CustomHID/Src/usbd_customhid.o
 *fill*         0x0000000020000095        0x3 
 .data.USBD_CUSTOM_HID_OtherSpeedCfgDesc
                0x0000000020000098       0x29 Middlewares/ST/STM32_USB_Device_Library/Class/CustomHID/Src/usbd_customhid.o
 *fill*         0x00000000200000c1        0x3 
 .data.USBD_CUSTOM_HID_Desc
                0x00000000200000c4        0x9 Middlewares/ST/STM32_USB_Device_Library/Class/CustomHID/Src/usbd_customhid.o
 *fill*         0x00000000200000cd        0x3 
 .data.USBD_CUSTOM_HID_DeviceQualifierDesc
                0x00000000200000d0        0xa Middlewares/ST/STM32_USB_Device_Library/Class/CustomHID/Src/usbd_customhid.o
 *fill*         0x00000000200000da        0x2 
 .data.SystemCoreClock
                0x00000000200000dc        0x4 Src/system_stm32f1xx.o
                0x00000000200000dc                SystemCoreClock
 .data.CUSTOM_HID_ReportDesc_FS
                0x00000000200000e0       0x21 Src/usbd_custom_hid_if.o
 *fill*         0x0000000020000101        0x3 
 .data.USBD_CustomHID_fops_FS
                0x0000000020000104       0x10 Src/usbd_custom_hid_if.o
                0x0000000020000104                USBD_CustomHID_fops_FS
 .data.FS_Desc  0x0000000020000114       0x1c Src/usbd_desc.o
                0x0000000020000114                FS_Desc
 .data.USBD_FS_DeviceDesc
                0x0000000020000130       0x12 Src/usbd_desc.o
                0x0000000020000130                USBD_FS_DeviceDesc
 *fill*         0x0000000020000142        0x2 
 .data.USBD_LangIDDesc
                0x0000000020000144        0x4 Src/usbd_desc.o
                0x0000000020000144                USBD_LangIDDesc
 .data.USBD_StringSerial
                0x0000000020000148       0x1a Src/usbd_desc.o
                0x0000000020000148                USBD_StringSerial
                0x0000000020000164                . = ALIGN (0x4)
 *fill*         0x0000000020000162        0x2 
                0x0000000020000164                _edata = .

.igot.plt       0x0000000020000164        0x0 load address 0x00000000080060a0
 .igot.plt      0x0000000020000164        0x0 l:/st/stm32cubeide_1.1.0/stm32cubeide/plugins/com.st.stm32cube.ide.mcu.externaltools.gnu-tools-for-stm32.7-2018-q2-update.win32_1.0.0.201904181610/tools/bin/../lib/gcc/arm-none-eabi/7.3.1/thumb/v7-m/crtbegin.o
                0x0000000020000164                . = ALIGN (0x4)

.bss            0x0000000020000164      0x7e4 load address 0x00000000080060a0
                0x0000000020000164                _sbss = .
                0x0000000020000164                __bss_start__ = _sbss
 *(.bss)
 .bss           0x0000000020000164       0x1c l:/st/stm32cubeide_1.1.0/stm32cubeide/plugins/com.st.stm32cube.ide.mcu.externaltools.gnu-tools-for-stm32.7-2018-q2-update.win32_1.0.0.201904181610/tools/bin/../lib/gcc/arm-none-eabi/7.3.1/thumb/v7-m/crtbegin.o
 *(.bss*)
 .bss.cfgidx.7762
                0x0000000020000180        0x1 Middlewares/ST/STM32_USB_Device_Library/Core/Src/usbd_ctlreq.o
 *fill*         0x0000000020000181        0x3 
 .bss.mem.7812  0x0000000020000184       0x1c Src/usbd_conf.o
 *(COMMON)
 COMMON         0x00000000200001a0        0x4 Drivers/STM32F1xx_HAL_Driver/Src/stm32f1xx_hal.o
                0x00000000200001a0                uwTick
 COMMON         0x00000000200001a4       0x74 Src/main.o
                0x00000000200001a4                hadc1
                0x00000000200001d4                hdma_adc1
 COMMON         0x0000000020000218      0x2c4 Src/usb_device.o
                0x0000000020000218                hUsbDeviceFS
 COMMON         0x00000000200004dc      0x26c Src/usbd_conf.o
                0x00000000200004dc                hpcd_USB_FS
 COMMON         0x0000000020000748      0x200 Src/usbd_desc.o
                0x0000000020000748                USBD_StrDesc
                0x0000000020000948                . = ALIGN (0x4)
                0x0000000020000948                _ebss = .
                0x0000000020000948                __bss_end__ = _ebss

._user_heap_stack
                0x0000000020000948      0x600 load address 0x00000000080060a0
                0x0000000020000948                . = ALIGN (0x8)
                0x0000000020000948                PROVIDE (end = .)
                [!provide]                        PROVIDE (_end = .)
                0x0000000020000b48                . = (. + _Min_Heap_Size)
 *fill*         0x0000000020000948      0x200 
                0x0000000020000f48                . = (. + _Min_Stack_Size)
 *fill*         0x0000000020000b48      0x400 
                0x0000000020000f48                . = ALIGN (0x8)

/DISCARD/
 libc.a(*)
 libm.a(*)
 libgcc.a(*)

.ARM.attributes
                0x0000000000000000       0x29
 *(.ARM.attributes)
 .ARM.attributes
                0x0000000000000000       0x1d l:/st/stm32cubeide_1.1.0/stm32cubeide/plugins/com.st.stm32cube.ide.mcu.externaltools.gnu-tools-for-stm32.7-2018-q2-update.win32_1.0.0.201904181610/tools/bin/../lib/gcc/arm-none-eabi/7.3.1/thumb/v7-m/crti.o
 .ARM.attributes
                0x000000000000001d       0x2d l:/st/stm32cubeide_1.1.0/stm32cubeide/plugins/com.st.stm32cube.ide.mcu.externaltools.gnu-tools-for-stm32.7-2018-q2-update.win32_1.0.0.201904181610/tools/bin/../lib/gcc/arm-none-eabi/7.3.1/thumb/v7-m/crtbegin.o
 .ARM.attributes
                0x000000000000004a       0x33 Drivers/STM32F1xx_HAL_Driver/Src/stm32f1xx_hal.o
 .ARM.attributes
                0x000000000000007d       0x33 Drivers/STM32F1xx_HAL_Driver/Src/stm32f1xx_hal_adc.o
 .ARM.attributes
                0x00000000000000b0       0x33 Drivers/STM32F1xx_HAL_Driver/Src/stm32f1xx_hal_cortex.o
 .ARM.attributes
                0x00000000000000e3       0x33 Drivers/STM32F1xx_HAL_Driver/Src/stm32f1xx_hal_dma.o
 .ARM.attributes
                0x0000000000000116       0x33 Drivers/STM32F1xx_HAL_Driver/Src/stm32f1xx_hal_gpio.o
 .ARM.attributes
                0x0000000000000149       0x33 Drivers/STM32F1xx_HAL_Driver/Src/stm32f1xx_hal_pcd.o
 .ARM.attributes
                0x000000000000017c       0x33 Drivers/STM32F1xx_HAL_Driver/Src/stm32f1xx_hal_pcd_ex.o
 .ARM.attributes
                0x00000000000001af       0x33 Drivers/STM32F1xx_HAL_Driver/Src/stm32f1xx_hal_rcc.o
 .ARM.attributes
                0x00000000000001e2       0x33 Drivers/STM32F1xx_HAL_Driver/Src/stm32f1xx_hal_rcc_ex.o
 .ARM.attributes
                0x0000000000000215       0x33 Drivers/STM32F1xx_HAL_Driver/Src/stm32f1xx_ll_usb.o
 .ARM.attributes
                0x0000000000000248       0x33 Middlewares/ST/STM32_USB_Device_Library/Class/CustomHID/Src/usbd_customhid.o
 .ARM.attributes
                0x000000000000027b       0x33 Middlewares/ST/STM32_USB_Device_Library/Core/Src/usbd_core.o
 .ARM.attributes
                0x00000000000002ae       0x33 Middlewares/ST/STM32_USB_Device_Library/Core/Src/usbd_ctlreq.o
 .ARM.attributes
                0x00000000000002e1       0x33 Middlewares/ST/STM32_USB_Device_Library/Core/Src/usbd_ioreq.o
 .ARM.attributes
                0x0000000000000314       0x33 Src/main.o
 .ARM.attributes
                0x0000000000000347       0x33 Src/stm32f1xx_hal_msp.o
 .ARM.attributes
                0x000000000000037a       0x33 Src/stm32f1xx_it.o
 .ARM.attributes
                0x00000000000003ad       0x33 Src/system_stm32f1xx.o
 .ARM.attributes
                0x00000000000003e0       0x33 Src/usb_device.o
 .ARM.attributes
                0x0000000000000413       0x33 Src/usbd_conf.o
 .ARM.attributes
                0x0000000000000446       0x33 Src/usbd_custom_hid_if.o
 .ARM.attributes
                0x0000000000000479       0x33 Src/usbd_desc.o
 .ARM.attributes
                0x00000000000004ac       0x21 Startup/startup_stm32f103c8tx.o
 .ARM.attributes
                0x00000000000004cd       0x2d l:/st/stm32cubeide_1.1.0/stm32cubeide/plugins/com.st.stm32cube.ide.mcu.externaltools.gnu-tools-for-stm32.7-2018-q2-update.win32_1.0.0.201904181610/tools/bin/../lib/gcc/arm-none-eabi/7.3.1/../../../../arm-none-eabi/lib/thumb/v7-m\libc_nano.a(lib_a-init.o)
 .ARM.attributes
                0x00000000000004fa       0x2d l:/st/stm32cubeide_1.1.0/stm32cubeide/plugins/com.st.stm32cube.ide.mcu.externaltools.gnu-tools-for-stm32.7-2018-q2-update.win32_1.0.0.201904181610/tools/bin/../lib/gcc/arm-none-eabi/7.3.1/../../../../arm-none-eabi/lib/thumb/v7-m\libc_nano.a(lib_a-memset.o)
 .ARM.attributes
                0x0000000000000527       0x1d l:/st/stm32cubeide_1.1.0/stm32cubeide/plugins/com.st.stm32cube.ide.mcu.externaltools.gnu-tools-for-stm32.7-2018-q2-update.win32_1.0.0.201904181610/tools/bin/../lib/gcc/arm-none-eabi/7.3.1/thumb/v7-m/crtn.o
OUTPUT(USB Throttle.elf elf32-littlearm)

.debug_info     0x0000000000000000    0x11d08
 .debug_info    0x0000000000000000      0x6fe Drivers/STM32F1xx_HAL_Driver/Src/stm32f1xx_hal.o
 .debug_info    0x00000000000006fe      0xc61 Drivers/STM32F1xx_HAL_Driver/Src/stm32f1xx_hal_adc.o
 .debug_info    0x000000000000135f      0xb46 Drivers/STM32F1xx_HAL_Driver/Src/stm32f1xx_hal_cortex.o
 .debug_info    0x0000000000001ea5      0x7a6 Drivers/STM32F1xx_HAL_Driver/Src/stm32f1xx_hal_dma.o
 .debug_info    0x000000000000264b      0x681 Drivers/STM32F1xx_HAL_Driver/Src/stm32f1xx_hal_gpio.o
 .debug_info    0x0000000000002ccc      0xe38 Drivers/STM32F1xx_HAL_Driver/Src/stm32f1xx_hal_pcd.o
 .debug_info    0x0000000000003b04      0x760 Drivers/STM32F1xx_HAL_Driver/Src/stm32f1xx_hal_pcd_ex.o
 .debug_info    0x0000000000004264      0x804 Drivers/STM32F1xx_HAL_Driver/Src/stm32f1xx_hal_rcc.o
 .debug_info    0x0000000000004a68      0x439 Drivers/STM32F1xx_HAL_Driver/Src/stm32f1xx_hal_rcc_ex.o
 .debug_info    0x0000000000004ea1     0x14f9 Drivers/STM32F1xx_HAL_Driver/Src/stm32f1xx_ll_usb.o
 .debug_info    0x000000000000639a     0x125b Middlewares/ST/STM32_USB_Device_Library/Class/CustomHID/Src/usbd_customhid.o
 .debug_info    0x00000000000075f5     0x11c2 Middlewares/ST/STM32_USB_Device_Library/Core/Src/usbd_core.o
 .debug_info    0x00000000000087b7     0x1132 Middlewares/ST/STM32_USB_Device_Library/Core/Src/usbd_ctlreq.o
 .debug_info    0x00000000000098e9      0xf23 Middlewares/ST/STM32_USB_Device_Library/Core/Src/usbd_ioreq.o
 .debug_info    0x000000000000a80c     0x1840 Src/main.o
 .debug_info    0x000000000000c04c      0x857 Src/stm32f1xx_hal_msp.o
 .debug_info    0x000000000000c8a3      0x87b Src/stm32f1xx_it.o
 .debug_info    0x000000000000d11e      0x433 Src/system_stm32f1xx.o
 .debug_info    0x000000000000d551      0xe46 Src/usb_device.o
 .debug_info    0x000000000000e397     0x1d95 Src/usbd_conf.o
 .debug_info    0x000000000001012c      0xeb3 Src/usbd_custom_hid_if.o
 .debug_info    0x0000000000010fdf      0xd07 Src/usbd_desc.o
 .debug_info    0x0000000000011ce6       0x22 Startup/startup_stm32f103c8tx.o

.debug_abbrev   0x0000000000000000     0x2cec
 .debug_abbrev  0x0000000000000000      0x1d8 Drivers/STM32F1xx_HAL_Driver/Src/stm32f1xx_hal.o
 .debug_abbrev  0x00000000000001d8      0x1d5 Drivers/STM32F1xx_HAL_Driver/Src/stm32f1xx_hal_adc.o
 .debug_abbrev  0x00000000000003ad      0x2d5 Drivers/STM32F1xx_HAL_Driver/Src/stm32f1xx_hal_cortex.o
 .debug_abbrev  0x0000000000000682      0x1fe Drivers/STM32F1xx_HAL_Driver/Src/stm32f1xx_hal_dma.o
 .debug_abbrev  0x0000000000000880      0x1c0 Drivers/STM32F1xx_HAL_Driver/Src/stm32f1xx_hal_gpio.o
 .debug_abbrev  0x0000000000000a40      0x263 Drivers/STM32F1xx_HAL_Driver/Src/stm32f1xx_hal_pcd.o
 .debug_abbrev  0x0000000000000ca3      0x188 Drivers/STM32F1xx_HAL_Driver/Src/stm32f1xx_hal_pcd_ex.o
 .debug_abbrev  0x0000000000000e2b      0x243 Drivers/STM32F1xx_HAL_Driver/Src/stm32f1xx_hal_rcc.o
 .debug_abbrev  0x000000000000106e      0x175 Drivers/STM32F1xx_HAL_Driver/Src/stm32f1xx_hal_rcc_ex.o
 .debug_abbrev  0x00000000000011e3      0x1c5 Drivers/STM32F1xx_HAL_Driver/Src/stm32f1xx_ll_usb.o
 .debug_abbrev  0x00000000000013a8      0x286 Middlewares/ST/STM32_USB_Device_Library/Class/CustomHID/Src/usbd_customhid.o
 .debug_abbrev  0x000000000000162e      0x270 Middlewares/ST/STM32_USB_Device_Library/Core/Src/usbd_core.o
 .debug_abbrev  0x000000000000189e      0x2a0 Middlewares/ST/STM32_USB_Device_Library/Core/Src/usbd_ctlreq.o
 .debug_abbrev  0x0000000000001b3e      0x1e0 Middlewares/ST/STM32_USB_Device_Library/Core/Src/usbd_ioreq.o
 .debug_abbrev  0x0000000000001d1e      0x26a Src/main.o
 .debug_abbrev  0x0000000000001f88      0x18c Src/stm32f1xx_hal_msp.o
 .debug_abbrev  0x0000000000002114      0x174 Src/stm32f1xx_it.o
 .debug_abbrev  0x0000000000002288      0x134 Src/system_stm32f1xx.o
 .debug_abbrev  0x00000000000023bc      0x1be Src/usb_device.o
 .debug_abbrev  0x000000000000257a      0x2db Src/usbd_conf.o
 .debug_abbrev  0x0000000000002855      0x1f5 Src/usbd_custom_hid_if.o
 .debug_abbrev  0x0000000000002a4a      0x290 Src/usbd_desc.o
 .debug_abbrev  0x0000000000002cda       0x12 Startup/startup_stm32f103c8tx.o

.debug_aranges  0x0000000000000000      0xbd0
 .debug_aranges
                0x0000000000000000       0xe0 Drivers/STM32F1xx_HAL_Driver/Src/stm32f1xx_hal.o
 .debug_aranges
                0x00000000000000e0       0xf0 Drivers/STM32F1xx_HAL_Driver/Src/stm32f1xx_hal_adc.o
 .debug_aranges
                0x00000000000001d0      0x100 Drivers/STM32F1xx_HAL_Driver/Src/stm32f1xx_hal_cortex.o
 .debug_aranges
                0x00000000000002d0       0x80 Drivers/STM32F1xx_HAL_Driver/Src/stm32f1xx_hal_dma.o
 .debug_aranges
                0x0000000000000350       0x58 Drivers/STM32F1xx_HAL_Driver/Src/stm32f1xx_hal_gpio.o
 .debug_aranges
                0x00000000000003a8      0x120 Drivers/STM32F1xx_HAL_Driver/Src/stm32f1xx_hal_pcd.o
 .debug_aranges
                0x00000000000004c8       0x38 Drivers/STM32F1xx_HAL_Driver/Src/stm32f1xx_hal_pcd_ex.o
 .debug_aranges
                0x0000000000000500       0x90 Drivers/STM32F1xx_HAL_Driver/Src/stm32f1xx_hal_rcc.o
 .debug_aranges
                0x0000000000000590       0x30 Drivers/STM32F1xx_HAL_Driver/Src/stm32f1xx_hal_rcc_ex.o
 .debug_aranges
                0x00000000000005c0      0x108 Drivers/STM32F1xx_HAL_Driver/Src/stm32f1xx_ll_usb.o
 .debug_aranges
                0x00000000000006c8       0x78 Middlewares/ST/STM32_USB_Device_Library/Class/CustomHID/Src/usbd_customhid.o
 .debug_aranges
                0x0000000000000740       0xb8 Middlewares/ST/STM32_USB_Device_Library/Core/Src/usbd_core.o
 .debug_aranges
                0x00000000000007f8       0x88 Middlewares/ST/STM32_USB_Device_Library/Core/Src/usbd_ctlreq.o
 .debug_aranges
                0x0000000000000880       0x50 Middlewares/ST/STM32_USB_Device_Library/Core/Src/usbd_ioreq.o
 .debug_aranges
                0x00000000000008d0       0x48 Src/main.o
 .debug_aranges
                0x0000000000000918       0x30 Src/stm32f1xx_hal_msp.o
 .debug_aranges
                0x0000000000000948       0x70 Src/stm32f1xx_it.o
 .debug_aranges
                0x00000000000009b8       0x28 Src/system_stm32f1xx.o
 .debug_aranges
                0x00000000000009e0       0x20 Src/usb_device.o
 .debug_aranges
                0x0000000000000a00      0x118 Src/usbd_conf.o
 .debug_aranges
                0x0000000000000b18       0x30 Src/usbd_custom_hid_if.o
 .debug_aranges
                0x0000000000000b48       0x60 Src/usbd_desc.o
 .debug_aranges
                0x0000000000000ba8       0x28 Startup/startup_stm32f103c8tx.o

.debug_ranges   0x0000000000000000      0xa68
 .debug_ranges  0x0000000000000000       0xd0 Drivers/STM32F1xx_HAL_Driver/Src/stm32f1xx_hal.o
 .debug_ranges  0x00000000000000d0       0xe0 Drivers/STM32F1xx_HAL_Driver/Src/stm32f1xx_hal_adc.o
 .debug_ranges  0x00000000000001b0       0xf0 Drivers/STM32F1xx_HAL_Driver/Src/stm32f1xx_hal_cortex.o
 .debug_ranges  0x00000000000002a0       0x70 Drivers/STM32F1xx_HAL_Driver/Src/stm32f1xx_hal_dma.o
 .debug_ranges  0x0000000000000310       0x48 Drivers/STM32F1xx_HAL_Driver/Src/stm32f1xx_hal_gpio.o
 .debug_ranges  0x0000000000000358      0x110 Drivers/STM32F1xx_HAL_Driver/Src/stm32f1xx_hal_pcd.o
 .debug_ranges  0x0000000000000468       0x28 Drivers/STM32F1xx_HAL_Driver/Src/stm32f1xx_hal_pcd_ex.o
 .debug_ranges  0x0000000000000490       0x80 Drivers/STM32F1xx_HAL_Driver/Src/stm32f1xx_hal_rcc.o
 .debug_ranges  0x0000000000000510       0x20 Drivers/STM32F1xx_HAL_Driver/Src/stm32f1xx_hal_rcc_ex.o
 .debug_ranges  0x0000000000000530       0xf8 Drivers/STM32F1xx_HAL_Driver/Src/stm32f1xx_ll_usb.o
 .debug_ranges  0x0000000000000628       0x68 Middlewares/ST/STM32_USB_Device_Library/Class/CustomHID/Src/usbd_customhid.o
 .debug_ranges  0x0000000000000690       0xa8 Middlewares/ST/STM32_USB_Device_Library/Core/Src/usbd_core.o
 .debug_ranges  0x0000000000000738       0x78 Middlewares/ST/STM32_USB_Device_Library/Core/Src/usbd_ctlreq.o
 .debug_ranges  0x00000000000007b0       0x40 Middlewares/ST/STM32_USB_Device_Library/Core/Src/usbd_ioreq.o
 .debug_ranges  0x00000000000007f0       0x38 Src/main.o
 .debug_ranges  0x0000000000000828       0x20 Src/stm32f1xx_hal_msp.o
 .debug_ranges  0x0000000000000848       0x60 Src/stm32f1xx_it.o
 .debug_ranges  0x00000000000008a8       0x18 Src/system_stm32f1xx.o
 .debug_ranges  0x00000000000008c0       0x10 Src/usb_device.o
 .debug_ranges  0x00000000000008d0      0x108 Src/usbd_conf.o
 .debug_ranges  0x00000000000009d8       0x20 Src/usbd_custom_hid_if.o
 .debug_ranges  0x00000000000009f8       0x50 Src/usbd_desc.o
 .debug_ranges  0x0000000000000a48       0x20 Startup/startup_stm32f103c8tx.o

.debug_macro    0x0000000000000000    0x17004
 .debug_macro   0x0000000000000000      0x1d7 Drivers/STM32F1xx_HAL_Driver/Src/stm32f1xx_hal.o
 .debug_macro   0x00000000000001d7      0xa5a Drivers/STM32F1xx_HAL_Driver/Src/stm32f1xx_hal.o
 .debug_macro   0x0000000000000c31      0x221 Drivers/STM32F1xx_HAL_Driver/Src/stm32f1xx_hal.o
 .debug_macro   0x0000000000000e52       0x2e Drivers/STM32F1xx_HAL_Driver/Src/stm32f1xx_hal.o
 .debug_macro   0x0000000000000e80       0x22 Drivers/STM32F1xx_HAL_Driver/Src/stm32f1xx_hal.o
 .debug_macro   0x0000000000000ea2       0x22 Drivers/STM32F1xx_HAL_Driver/Src/stm32f1xx_hal.o
 .debug_macro   0x0000000000000ec4       0x8e Drivers/STM32F1xx_HAL_Driver/Src/stm32f1xx_hal.o
 .debug_macro   0x0000000000000f52       0x51 Drivers/STM32F1xx_HAL_Driver/Src/stm32f1xx_hal.o
 .debug_macro   0x0000000000000fa3       0xef Drivers/STM32F1xx_HAL_Driver/Src/stm32f1xx_hal.o
 .debug_macro   0x0000000000001092       0x6a Drivers/STM32F1xx_HAL_Driver/Src/stm32f1xx_hal.o
 .debug_macro   0x00000000000010fc      0x1df Drivers/STM32F1xx_HAL_Driver/Src/stm32f1xx_hal.o
 .debug_macro   0x00000000000012db       0x1c Drivers/STM32F1xx_HAL_Driver/Src/stm32f1xx_hal.o
 .debug_macro   0x00000000000012f7       0x22 Drivers/STM32F1xx_HAL_Driver/Src/stm32f1xx_hal.o
 .debug_macro   0x0000000000001319       0xc3 Drivers/STM32F1xx_HAL_Driver/Src/stm32f1xx_hal.o
 .debug_macro   0x00000000000013dc      0xd23 Drivers/STM32F1xx_HAL_Driver/Src/stm32f1xx_hal.o
 .debug_macro   0x00000000000020ff     0xe09e Drivers/STM32F1xx_HAL_Driver/Src/stm32f1xx_hal.o
 .debug_macro   0x000000000001019d       0x43 Drivers/STM32F1xx_HAL_Driver/Src/stm32f1xx_hal.o
 .debug_macro   0x00000000000101e0      0x174 Drivers/STM32F1xx_HAL_Driver/Src/stm32f1xx_hal.o
 .debug_macro   0x0000000000010354       0x5a Drivers/STM32F1xx_HAL_Driver/Src/stm32f1xx_hal.o
 .debug_macro   0x00000000000103ae      0x5be Drivers/STM32F1xx_HAL_Driver/Src/stm32f1xx_hal.o
 .debug_macro   0x000000000001096c      0x289 Drivers/STM32F1xx_HAL_Driver/Src/stm32f1xx_hal.o
 .debug_macro   0x0000000000010bf5      0x1cb Drivers/STM32F1xx_HAL_Driver/Src/stm32f1xx_hal.o
 .debug_macro   0x0000000000010dc0      0x114 Drivers/STM32F1xx_HAL_Driver/Src/stm32f1xx_hal.o
 .debug_macro   0x0000000000010ed4      0x1b2 Drivers/STM32F1xx_HAL_Driver/Src/stm32f1xx_hal.o
 .debug_macro   0x0000000000011086       0x27 Drivers/STM32F1xx_HAL_Driver/Src/stm32f1xx_hal.o
 .debug_macro   0x00000000000110ad      0x136 Drivers/STM32F1xx_HAL_Driver/Src/stm32f1xx_hal.o
 .debug_macro   0x00000000000111e3      0x1bc Drivers/STM32F1xx_HAL_Driver/Src/stm32f1xx_hal.o
 .debug_macro   0x000000000001139f       0x34 Drivers/STM32F1xx_HAL_Driver/Src/stm32f1xx_hal.o
 .debug_macro   0x00000000000113d3       0x3c Drivers/STM32F1xx_HAL_Driver/Src/stm32f1xx_hal.o
 .debug_macro   0x000000000001140f       0x57 Drivers/STM32F1xx_HAL_Driver/Src/stm32f1xx_hal.o
 .debug_macro   0x0000000000011466      0x46a Drivers/STM32F1xx_HAL_Driver/Src/stm32f1xx_hal.o
 .debug_macro   0x00000000000118d0      0x1b5 Drivers/STM32F1xx_HAL_Driver/Src/stm32f1xx_hal.o
 .debug_macro   0x0000000000011a85       0x88 Drivers/STM32F1xx_HAL_Driver/Src/stm32f1xx_hal.o
 .debug_macro   0x0000000000011b0d      0x241 Drivers/STM32F1xx_HAL_Driver/Src/stm32f1xx_hal.o
 .debug_macro   0x0000000000011d4e      0x141 Drivers/STM32F1xx_HAL_Driver/Src/stm32f1xx_hal.o
 .debug_macro   0x0000000000011e8f       0x65 Drivers/STM32F1xx_HAL_Driver/Src/stm32f1xx_hal.o
 .debug_macro   0x0000000000011ef4      0x249 Drivers/STM32F1xx_HAL_Driver/Src/stm32f1xx_hal.o
 .debug_macro   0x000000000001213d       0x83 Drivers/STM32F1xx_HAL_Driver/Src/stm32f1xx_hal.o
 .debug_macro   0x00000000000121c0      0x1d0 Drivers/STM32F1xx_HAL_Driver/Src/stm32f1xx_hal_adc.o
 .debug_macro   0x0000000000012390      0x1b3 Drivers/STM32F1xx_HAL_Driver/Src/stm32f1xx_hal_cortex.o
 .debug_macro   0x0000000000012543      0x1b3 Drivers/STM32F1xx_HAL_Driver/Src/stm32f1xx_hal_dma.o
 .debug_macro   0x00000000000126f6      0x21e Drivers/STM32F1xx_HAL_Driver/Src/stm32f1xx_hal_gpio.o
 .debug_macro   0x0000000000012914      0x1bf Drivers/STM32F1xx_HAL_Driver/Src/stm32f1xx_hal_pcd.o
 .debug_macro   0x0000000000012ad3      0x1b3 Drivers/STM32F1xx_HAL_Driver/Src/stm32f1xx_hal_pcd_ex.o
 .debug_macro   0x0000000000012c86      0x1c5 Drivers/STM32F1xx_HAL_Driver/Src/stm32f1xx_hal_rcc.o
 .debug_macro   0x0000000000012e4b      0x1b3 Drivers/STM32F1xx_HAL_Driver/Src/stm32f1xx_hal_rcc_ex.o
 .debug_macro   0x0000000000012ffe      0x1b3 Drivers/STM32F1xx_HAL_Driver/Src/stm32f1xx_ll_usb.o
 .debug_macro   0x00000000000131b1      0x3ca Middlewares/ST/STM32_USB_Device_Library/Class/CustomHID/Src/usbd_customhid.o
 .debug_macro   0x000000000001357b       0x40 Middlewares/ST/STM32_USB_Device_Library/Class/CustomHID/Src/usbd_customhid.o
 .debug_macro   0x00000000000135bb       0x18 Middlewares/ST/STM32_USB_Device_Library/Class/CustomHID/Src/usbd_customhid.o
 .debug_macro   0x00000000000135d3       0x94 Middlewares/ST/STM32_USB_Device_Library/Class/CustomHID/Src/usbd_customhid.o
 .debug_macro   0x0000000000013667       0x3c Middlewares/ST/STM32_USB_Device_Library/Class/CustomHID/Src/usbd_customhid.o
 .debug_macro   0x00000000000136a3       0x34 Middlewares/ST/STM32_USB_Device_Library/Class/CustomHID/Src/usbd_customhid.o
 .debug_macro   0x00000000000136d7       0x16 Middlewares/ST/STM32_USB_Device_Library/Class/CustomHID/Src/usbd_customhid.o
 .debug_macro   0x00000000000136ed       0x57 Middlewares/ST/STM32_USB_Device_Library/Class/CustomHID/Src/usbd_customhid.o
 .debug_macro   0x0000000000013744       0x97 Middlewares/ST/STM32_USB_Device_Library/Class/CustomHID/Src/usbd_customhid.o
 .debug_macro   0x00000000000137db      0x330 Middlewares/ST/STM32_USB_Device_Library/Class/CustomHID/Src/usbd_customhid.o
 .debug_macro   0x0000000000013b0b       0xfd Middlewares/ST/STM32_USB_Device_Library/Class/CustomHID/Src/usbd_customhid.o
 .debug_macro   0x0000000000013c08       0x10 Middlewares/ST/STM32_USB_Device_Library/Class/CustomHID/Src/usbd_customhid.o
 .debug_macro   0x0000000000013c18       0x52 Middlewares/ST/STM32_USB_Device_Library/Class/CustomHID/Src/usbd_customhid.o
 .debug_macro   0x0000000000013c6a       0x1f Middlewares/ST/STM32_USB_Device_Library/Class/CustomHID/Src/usbd_customhid.o
 .debug_macro   0x0000000000013c89       0x43 Middlewares/ST/STM32_USB_Device_Library/Class/CustomHID/Src/usbd_customhid.o
 .debug_macro   0x0000000000013ccc       0x20 Middlewares/ST/STM32_USB_Device_Library/Class/CustomHID/Src/usbd_customhid.o
 .debug_macro   0x0000000000013cec      0x1a3 Middlewares/ST/STM32_USB_Device_Library/Class/CustomHID/Src/usbd_customhid.o
 .debug_macro   0x0000000000013e8f       0x10 Middlewares/ST/STM32_USB_Device_Library/Class/CustomHID/Src/usbd_customhid.o
 .debug_macro   0x0000000000013e9f       0x1c Middlewares/ST/STM32_USB_Device_Library/Class/CustomHID/Src/usbd_customhid.o
 .debug_macro   0x0000000000013ebb       0x52 Middlewares/ST/STM32_USB_Device_Library/Class/CustomHID/Src/usbd_customhid.o
 .debug_macro   0x0000000000013f0d       0x40 Middlewares/ST/STM32_USB_Device_Library/Class/CustomHID/Src/usbd_customhid.o
 .debug_macro   0x0000000000013f4d       0x10 Middlewares/ST/STM32_USB_Device_Library/Class/CustomHID/Src/usbd_customhid.o
 .debug_macro   0x0000000000013f5d       0x40 Middlewares/ST/STM32_USB_Device_Library/Class/CustomHID/Src/usbd_customhid.o
 .debug_macro   0x0000000000013f9d       0xd7 Middlewares/ST/STM32_USB_Device_Library/Class/CustomHID/Src/usbd_customhid.o
 .debug_macro   0x0000000000014074       0x1c Middlewares/ST/STM32_USB_Device_Library/Class/CustomHID/Src/usbd_customhid.o
 .debug_macro   0x0000000000014090       0x3d Middlewares/ST/STM32_USB_Device_Library/Class/CustomHID/Src/usbd_customhid.o
 .debug_macro   0x00000000000140cd       0x16 Middlewares/ST/STM32_USB_Device_Library/Class/CustomHID/Src/usbd_customhid.o
 .debug_macro   0x00000000000140e3      0x145 Middlewares/ST/STM32_USB_Device_Library/Class/CustomHID/Src/usbd_customhid.o
 .debug_macro   0x0000000000014228       0x16 Middlewares/ST/STM32_USB_Device_Library/Class/CustomHID/Src/usbd_customhid.o
 .debug_macro   0x000000000001423e       0x35 Middlewares/ST/STM32_USB_Device_Library/Class/CustomHID/Src/usbd_customhid.o
 .debug_macro   0x0000000000014273       0x16 Middlewares/ST/STM32_USB_Device_Library/Class/CustomHID/Src/usbd_customhid.o
 .debug_macro   0x0000000000014289       0x29 Middlewares/ST/STM32_USB_Device_Library/Class/CustomHID/Src/usbd_customhid.o
 .debug_macro   0x00000000000142b2       0x16 Middlewares/ST/STM32_USB_Device_Library/Class/CustomHID/Src/usbd_customhid.o
 .debug_macro   0x00000000000142c8       0x20 Middlewares/ST/STM32_USB_Device_Library/Class/CustomHID/Src/usbd_customhid.o
 .debug_macro   0x00000000000142e8       0xbd Middlewares/ST/STM32_USB_Device_Library/Class/CustomHID/Src/usbd_customhid.o
 .debug_macro   0x00000000000143a5       0x54 Middlewares/ST/STM32_USB_Device_Library/Class/CustomHID/Src/usbd_customhid.o
 .debug_macro   0x00000000000143f9       0x6c Middlewares/ST/STM32_USB_Device_Library/Class/CustomHID/Src/usbd_customhid.o
 .debug_macro   0x0000000000014465      0x1c8 Middlewares/ST/STM32_USB_Device_Library/Class/CustomHID/Src/usbd_customhid.o
 .debug_macro   0x000000000001462d       0x65 Middlewares/ST/STM32_USB_Device_Library/Class/CustomHID/Src/usbd_customhid.o
 .debug_macro   0x0000000000014692      0x3b1 Middlewares/ST/STM32_USB_Device_Library/Core/Src/usbd_core.o
 .debug_macro   0x0000000000014a43      0x1ce Middlewares/ST/STM32_USB_Device_Library/Core/Src/usbd_core.o
 .debug_macro   0x0000000000014c11      0x3bb Middlewares/ST/STM32_USB_Device_Library/Core/Src/usbd_ctlreq.o
 .debug_macro   0x0000000000014fcc      0x3b7 Middlewares/ST/STM32_USB_Device_Library/Core/Src/usbd_ioreq.o
 .debug_macro   0x0000000000015383      0x3f1 Src/main.o
 .debug_macro   0x0000000000015774       0x46 Src/main.o
 .debug_macro   0x00000000000157ba      0x32a Src/main.o
 .debug_macro   0x0000000000015ae4       0x22 Src/main.o
 .debug_macro   0x0000000000015b06      0x1bd Src/stm32f1xx_hal_msp.o
 .debug_macro   0x0000000000015cc3      0x1c7 Src/stm32f1xx_it.o
 .debug_macro   0x0000000000015e8a      0x1b9 Src/system_stm32f1xx.o
 .debug_macro   0x0000000000016043      0x3f1 Src/usb_device.o
 .debug_macro   0x0000000000016434       0x22 Src/usb_device.o
 .debug_macro   0x0000000000016456      0x3d4 Src/usbd_conf.o
 .debug_macro   0x000000000001682a      0x3d0 Src/usbd_custom_hid_if.o
 .debug_macro   0x0000000000016bfa      0x3ee Src/usbd_desc.o
 .debug_macro   0x0000000000016fe8       0x1c Src/usbd_desc.o

.debug_line     0x0000000000000000     0xd009
 .debug_line    0x0000000000000000      0x839 Drivers/STM32F1xx_HAL_Driver/Src/stm32f1xx_hal.o
 .debug_line    0x0000000000000839      0xb8b Drivers/STM32F1xx_HAL_Driver/Src/stm32f1xx_hal_adc.o
 .debug_line    0x00000000000013c4      0x912 Drivers/STM32F1xx_HAL_Driver/Src/stm32f1xx_hal_cortex.o
 .debug_line    0x0000000000001cd6      0xaa0 Drivers/STM32F1xx_HAL_Driver/Src/stm32f1xx_hal_dma.o
 .debug_line    0x0000000000002776      0x839 Drivers/STM32F1xx_HAL_Driver/Src/stm32f1xx_hal_gpio.o
 .debug_line    0x0000000000002faf      0xb2c Drivers/STM32F1xx_HAL_Driver/Src/stm32f1xx_hal_pcd.o
 .debug_line    0x0000000000003adb      0x6ac Drivers/STM32F1xx_HAL_Driver/Src/stm32f1xx_hal_pcd_ex.o
 .debug_line    0x0000000000004187      0x8fb Drivers/STM32F1xx_HAL_Driver/Src/stm32f1xx_hal_rcc.o
 .debug_line    0x0000000000004a82      0x719 Drivers/STM32F1xx_HAL_Driver/Src/stm32f1xx_hal_rcc_ex.o
 .debug_line    0x000000000000519b      0xb45 Drivers/STM32F1xx_HAL_Driver/Src/stm32f1xx_ll_usb.o
 .debug_line    0x0000000000005ce0      0xab8 Middlewares/ST/STM32_USB_Device_Library/Class/CustomHID/Src/usbd_customhid.o
 .debug_line    0x0000000000006798      0xb3d Middlewares/ST/STM32_USB_Device_Library/Core/Src/usbd_core.o
 .debug_line    0x00000000000072d5      0xbc6 Middlewares/ST/STM32_USB_Device_Library/Core/Src/usbd_ctlreq.o
 .debug_line    0x0000000000007e9b      0x9a6 Middlewares/ST/STM32_USB_Device_Library/Core/Src/usbd_ioreq.o
 .debug_line    0x0000000000008841      0xa3c Src/main.o
 .debug_line    0x000000000000927d      0x694 Src/stm32f1xx_hal_msp.o
 .debug_line    0x0000000000009911      0x723 Src/stm32f1xx_it.o
 .debug_line    0x000000000000a034      0x68c Src/system_stm32f1xx.o
 .debug_line    0x000000000000a6c0      0x990 Src/usb_device.o
 .debug_line    0x000000000000b050      0xbd5 Src/usbd_conf.o
 .debug_line    0x000000000000bc25      0x996 Src/usbd_custom_hid_if.o
 .debug_line    0x000000000000c5bb      0x9cf Src/usbd_desc.o
 .debug_line    0x000000000000cf8a       0x7f Startup/startup_stm32f103c8tx.o

.debug_str      0x0000000000000000    0x72277
 .debug_str     0x0000000000000000    0x6a40b Drivers/STM32F1xx_HAL_Driver/Src/stm32f1xx_hal.o
                                      0x6a74f (size before relaxing)
 .debug_str     0x000000000006a40b      0x66c Drivers/STM32F1xx_HAL_Driver/Src/stm32f1xx_hal_adc.o
                                      0x6a754 (size before relaxing)
 .debug_str     0x000000000006aa77      0x326 Drivers/STM32F1xx_HAL_Driver/Src/stm32f1xx_hal_cortex.o
                                      0x6a75d (size before relaxing)
 .debug_str     0x000000000006ad9d      0x23f Drivers/STM32F1xx_HAL_Driver/Src/stm32f1xx_hal_dma.o
                                      0x6a49f (size before relaxing)
 .debug_str     0x000000000006afdc      0x39e Drivers/STM32F1xx_HAL_Driver/Src/stm32f1xx_hal_gpio.o
                                      0x6a488 (size before relaxing)
 .debug_str     0x000000000006b37a      0x64d Drivers/STM32F1xx_HAL_Driver/Src/stm32f1xx_hal_pcd.o
                                      0x6a76f (size before relaxing)
 .debug_str     0x000000000006b9c7      0x18d Drivers/STM32F1xx_HAL_Driver/Src/stm32f1xx_hal_pcd_ex.o
                                      0x6a54b (size before relaxing)
 .debug_str     0x000000000006bb54      0x373 Drivers/STM32F1xx_HAL_Driver/Src/stm32f1xx_hal_rcc.o
                                      0x6a4c1 (size before relaxing)
 .debug_str     0x000000000006bec7      0x12b Drivers/STM32F1xx_HAL_Driver/Src/stm32f1xx_hal_rcc_ex.o
                                      0x6a24e (size before relaxing)
 .debug_str     0x000000000006bff2      0x304 Drivers/STM32F1xx_HAL_Driver/Src/stm32f1xx_ll_usb.o
                                      0x6a5b5 (size before relaxing)
 .debug_str     0x000000000006c2f6     0x5419 Middlewares/ST/STM32_USB_Device_Library/Class/CustomHID/Src/usbd_customhid.o
                                      0x6f599 (size before relaxing)
 .debug_str     0x000000000007170f      0x1b5 Middlewares/ST/STM32_USB_Device_Library/Core/Src/usbd_core.o
                                      0x6f215 (size before relaxing)
 .debug_str     0x00000000000718c4      0x12f Middlewares/ST/STM32_USB_Device_Library/Core/Src/usbd_ctlreq.o
                                      0x6f19b (size before relaxing)
 .debug_str     0x00000000000719f3       0xc9 Middlewares/ST/STM32_USB_Device_Library/Core/Src/usbd_ioreq.o
                                      0x6f123 (size before relaxing)
 .debug_str     0x0000000000071abc      0x164 Src/main.o
                                      0x6fc2c (size before relaxing)
 .debug_str     0x0000000000071c20       0x1b Src/stm32f1xx_hal_msp.o
                                      0x6a484 (size before relaxing)
 .debug_str     0x0000000000071c3b       0xdd Src/stm32f1xx_it.o
                                      0x6a60b (size before relaxing)
 .debug_str     0x0000000000071d18       0x69 Src/system_stm32f1xx.o
                                      0x6a139 (size before relaxing)
 .debug_str     0x0000000000071d81       0xaa Src/usb_device.o
                                      0x6f395 (size before relaxing)
 .debug_str     0x0000000000071e2b      0x13b Src/usbd_conf.o
                                      0x6fc45 (size before relaxing)
 .debug_str     0x0000000000071f66       0x7e Src/usbd_custom_hid_if.o
                                      0x6f35a (size before relaxing)
 .debug_str     0x0000000000071fe4      0x262 Src/usbd_desc.o
                                      0x6f098 (size before relaxing)
 .debug_str     0x0000000000072246       0x31 Startup/startup_stm32f103c8tx.o
                                         0x82 (size before relaxing)

.comment        0x0000000000000000       0x7b
 .comment       0x0000000000000000       0x7b Drivers/STM32F1xx_HAL_Driver/Src/stm32f1xx_hal.o
                                         0x7c (size before relaxing)
 .comment       0x000000000000007b       0x7c Drivers/STM32F1xx_HAL_Driver/Src/stm32f1xx_hal_adc.o
 .comment       0x000000000000007b       0x7c Drivers/STM32F1xx_HAL_Driver/Src/stm32f1xx_hal_cortex.o
 .comment       0x000000000000007b       0x7c Drivers/STM32F1xx_HAL_Driver/Src/stm32f1xx_hal_dma.o
 .comment       0x000000000000007b       0x7c Drivers/STM32F1xx_HAL_Driver/Src/stm32f1xx_hal_gpio.o
 .comment       0x000000000000007b       0x7c Drivers/STM32F1xx_HAL_Driver/Src/stm32f1xx_hal_pcd.o
 .comment       0x000000000000007b       0x7c Drivers/STM32F1xx_HAL_Driver/Src/stm32f1xx_hal_pcd_ex.o
 .comment       0x000000000000007b       0x7c Drivers/STM32F1xx_HAL_Driver/Src/stm32f1xx_hal_rcc.o
 .comment       0x000000000000007b       0x7c Drivers/STM32F1xx_HAL_Driver/Src/stm32f1xx_hal_rcc_ex.o
 .comment       0x000000000000007b       0x7c Drivers/STM32F1xx_HAL_Driver/Src/stm32f1xx_ll_usb.o
 .comment       0x000000000000007b       0x7c Middlewares/ST/STM32_USB_Device_Library/Class/CustomHID/Src/usbd_customhid.o
 .comment       0x000000000000007b       0x7c Middlewares/ST/STM32_USB_Device_Library/Core/Src/usbd_core.o
 .comment       0x000000000000007b       0x7c Middlewares/ST/STM32_USB_Device_Library/Core/Src/usbd_ctlreq.o
 .comment       0x000000000000007b       0x7c Middlewares/ST/STM32_USB_Device_Library/Core/Src/usbd_ioreq.o
 .comment       0x000000000000007b       0x7c Src/main.o
 .comment       0x000000000000007b       0x7c Src/stm32f1xx_hal_msp.o
 .comment       0x000000000000007b       0x7c Src/stm32f1xx_it.o
 .comment       0x000000000000007b       0x7c Src/system_stm32f1xx.o
 .comment       0x000000000000007b       0x7c Src/usb_device.o
 .comment       0x000000000000007b       0x7c Src/usbd_conf.o
 .comment       0x000000000000007b       0x7c Src/usbd_custom_hid_if.o
 .comment       0x000000000000007b       0x7c Src/usbd_desc.o

.debug_frame    0x0000000000000000     0x2dd0
 .debug_frame   0x0000000000000000      0x334 Drivers/STM32F1xx_HAL_Driver/Src/stm32f1xx_hal.o
 .debug_frame   0x0000000000000334      0x40c Drivers/STM32F1xx_HAL_Driver/Src/stm32f1xx_hal_adc.o
 .debug_frame   0x0000000000000740      0x428 Drivers/STM32F1xx_HAL_Driver/Src/stm32f1xx_hal_cortex.o
 .debug_frame   0x0000000000000b68      0x208 Drivers/STM32F1xx_HAL_Driver/Src/stm32f1xx_hal_dma.o
 .debug_frame   0x0000000000000d70      0x14c Drivers/STM32F1xx_HAL_Driver/Src/stm32f1xx_hal_gpio.o
 .debug_frame   0x0000000000000ebc      0x500 Drivers/STM32F1xx_HAL_Driver/Src/stm32f1xx_hal_pcd.o
 .debug_frame   0x00000000000013bc       0xb0 Drivers/STM32F1xx_HAL_Driver/Src/stm32f1xx_hal_pcd_ex.o
 .debug_frame   0x000000000000146c      0x21c Drivers/STM32F1xx_HAL_Driver/Src/stm32f1xx_hal_rcc.o
 .debug_frame   0x0000000000001688       0x84 Drivers/STM32F1xx_HAL_Driver/Src/stm32f1xx_hal_rcc_ex.o
 .debug_frame   0x000000000000170c      0x4d8 Drivers/STM32F1xx_HAL_Driver/Src/stm32f1xx_ll_usb.o
 .debug_frame   0x0000000000001be4      0x1d8 Middlewares/ST/STM32_USB_Device_Library/Class/CustomHID/Src/usbd_customhid.o
 .debug_frame   0x0000000000001dbc      0x300 Middlewares/ST/STM32_USB_Device_Library/Core/Src/usbd_core.o
 .debug_frame   0x00000000000020bc      0x218 Middlewares/ST/STM32_USB_Device_Library/Core/Src/usbd_ctlreq.o
 .debug_frame   0x00000000000022d4      0x10c Middlewares/ST/STM32_USB_Device_Library/Core/Src/usbd_ioreq.o
 .debug_frame   0x00000000000023e0       0xe0 Src/main.o
 .debug_frame   0x00000000000024c0       0x80 Src/stm32f1xx_hal_msp.o
 .debug_frame   0x0000000000002540      0x144 Src/stm32f1xx_it.o
 .debug_frame   0x0000000000002684       0x58 Src/system_stm32f1xx.o
 .debug_frame   0x00000000000026dc       0x2c Src/usb_device.o
 .debug_frame   0x0000000000002708      0x4a4 Src/usbd_conf.o
 .debug_frame   0x0000000000002bac       0x78 Src/usbd_custom_hid_if.o
 .debug_frame   0x0000000000002c24      0x160 Src/usbd_desc.o
 .debug_frame   0x0000000000002d84       0x2c l:/st/stm32cubeide_1.1.0/stm32cubeide/plugins/com.st.stm32cube.ide.mcu.externaltools.gnu-tools-for-stm32.7-2018-q2-update.win32_1.0.0.201904181610/tools/bin/../lib/gcc/arm-none-eabi/7.3.1/../../../../arm-none-eabi/lib/thumb/v7-m\libc_nano.a(lib_a-init.o)
 .debug_frame   0x0000000000002db0       0x20 l:/st/stm32cubeide_1.1.0/stm32cubeide/plugins/com.st.stm32cube.ide.mcu.externaltools.gnu-tools-for-stm32.7-2018-q2-update.win32_1.0.0.201904181610/tools/bin/../lib/gcc/arm-none-eabi/7.3.1/../../../../arm-none-eabi/lib/thumb/v7-m\libc_nano.a(lib_a-memset.o)
